Microchip MPLAB XC8 Compiler V2.32

Linker command line:

-W-3 --edf=C:\Program Files\Microchip\xc8\v2.32\pic\dat\en_msgs.txt -cn \
  -h+dist/default/debug\ASEN4067Project.X.debug.sym \
  --cmf=dist/default/debug\ASEN4067Project.X.debug.cmf -z -Q18F87K22 \
  -oC:\Users\spong\AppData\Local\Temp\xcAsm3s.4 --defsym=__MPLAB_BUILD=1 \
  -Mdist/default/debug/ASEN4067Project.X.debug.map -E1 -ver=XC8 Compiler \
  --acfsm=1493 -ASTACK=01FEh-0F15h -pstack=STACK -ACODE=00h-01FFFFh \
  -ACONST=00h-01FFFFh -ASMALLCONST=01000h-010FFhx496 \
  -AMEDIUMCONST=01000h-0FFFFh,011000h-01FFFFh -ACOMRAM=01h-05Fh \
  -AABS1=00h-0F15h -ABIGRAM=01h-0F15h \
  -ARAM=060h-0FFh,0100h-01FFhx14,0F00h-0F15h -ABANK0=060h-0FFh \
  -ABANK1=0100h-01FFh -ABANK2=0200h-02FFh -ABANK3=0300h-03FFh \
  -ABANK4=0400h-04FFh -ABANK5=0500h-05FFh -ABANK6=0600h-06FFh \
  -ABANK7=0700h-07FFh -ABANK8=0800h-08FFh -ABANK9=0900h-09FFh \
  -ABANK10=0A00h-0AFFh -ABANK11=0B00h-0BFFh -ABANK12=0C00h-0CFFh \
  -ABANK13=0D00h-0DFFh -ABANK14=0E00h-0EFFh -ABANK15=0F00h-0F15h \
  -ASFR=0F16h-0F5Fh,0F60h-0FFFh -ACONFIG=0300000h-030000Dh \
  -AIDLOC=0200000h-0200007h -AEEDATA=0F00000h-0F003FFh -peeprom_data=EEDATA \
  -preset_vec=00h,intcode=08h,intcodelo=018h,powerup,init -pramtop=01000h \
  -psmallconst=SMALLCONST -pmediumconst=MEDIUMCONST -pconst=CONST \
  -AFARRAM=00h-00h \
  -prdata=COMRAM,nvrram=COMRAM,nvbit=COMRAM,rbss=COMRAM,rbit=COMRAM \
  -pfarbss=FARRAM,fardata=FARRAM,nvFARRAM=FARRAM \
  -pintsave_regs=BIGRAM,bigbss=BIGRAM,bigdata=BIGRAM -pbss=RAM \
  -pidata=CODE,irdata=CODE,ibigdata=CODE,ifardata=CODE -prparam=COMRAM \
  C:\Users\spong\AppData\Local\Temp\xcAsm3s.o \
  dist/default/debug\ASEN4067Project.X.debug.o 

Object code version is 3.11

Machine type is 18F87K22



                Name                               Link     Load   Length Selector   Space Scale
C:\Users\spong\AppData\Local\Temp\xcAsm3s.o
                idloc                            200000   200000        8        0       5
                config                           300000   300000        E        0       4
                init                                 A2       A2        4        C       0
                reset_vec                             0        0        4        0       0
dist/default/debug\ASEN4067Project.X.debug.o
                intcodelo                            18       18       8A        C       0
                intcode                               8        8        6        4       0
                idloc                            200000   200000        8        0       5
                config                           300000   300000        E        0       4
                temp                                 4C       4C        1        1       1
                smallconst                         1000     1000       7A      800       0
                intcode_body                       5DC0     5DC0        4      83D       0
                text54                             4B24     4B24      170      83D       0
                text53                             49B2     49B2      172      83D       0
                text52                             5DBA     5DBA        6      83D       0
                text51                             5DB4     5DB4        6      83D       0
                text49                             5D0A     5D0A       26      83D       0
                text48                             5DAC     5DAC        8      83D       0
                text47                             5D30     5D30       1E      83D       0
                text46                             5D8C     5D8C       10      83D       0
                text45                             4C94     4C94      126      83D       0
                text44                             5D78     5D78       14      83D       0
                text43                             5D64     5D64       14      83D       0
                text42                             5B08     5B08       46      83D       0
                text41                             5698     5698       A4      83D       0
                text40                             582E     582E       6A      83D       0
                text39                             573C     573C       84      83D       0
                text38                             55F4     55F4       A4      83D       0
                text37                             5550     5550       A4      83D       0
                text36                             5D4E     5D4E       16      83D       0
                text35                             5B92     5B92       40      83D       0
                text34                             465A     465A      1B4      83D       0
                text33                             40A8     40A8      39C      83D       0
                text32                             3C7C     3C7C      42C      83D       0
                text31                             5C42     5C42       38      83D       0
                text30                             331E     331E      4C2      83D       0
                text29                             5AC0     5AC0       48      83D       0
                text28                             4FC6     4FC6       FE      83D       0
                text27                             5CB0     5CB0       34      83D       0
                text26                             1CDA     1CDA      858      83D       0
                text25                             2532     2532      768      83D       0
                text24                             5CE4     5CE4       26      83D       0
                text23                             5C0A     5C0A       38      83D       0
                text22                             5A6E     5A6E       52      83D       0
                text21                             480E     480E      1A4      83D       0
                text20                             5270     5270       C4      83D       0
                text19                             53F6     53F6       B0      83D       0
                text18                             54A6     54A6       AA      83D       0
                text17                             4EC0     4EC0      106      83D       0
                text16                             4DBA     4DBA      106      83D       0
                text15                             4444     4444      216      83D       0
                text14                             5DC4     5DC4        2      83D       0
                text13                             51A6     51A6       CA      83D       0
                text12                             5B4E     5B4E       44      83D       0
                text11                             5C7A     5C7A       36      83D       0
                text10                             5334     5334       C2      83D       0
                text9                              59BC     59BC       5E      83D       0
                text8                              5BD2     5BD2       38      83D       0
                text7                              595C     595C       60      83D       0
                text6                              107A     107A      C60      83D       0
                text5                              50C4     50C4       E2      83D       0
                text4                              37E0     37E0      49C      83D       0
                text3                              57C0     57C0       6E      83D       0
                text2                              5A1A     5A1A       54      83D       0
                text1                              2C9A     2C9A      684      83D       0
                text0                              58FA     58FA       62      83D       0
                cstackCOMRAM                          1        1       37        1       1
                cstackBANK0                          60       60       9E       60       1
                cstackBANK1                         100      100       80      100       1
                dataBANK1                           1F6      1F6        8      100       1
                bssBANK1                            180      180       76      100       1
                dataCOMRAM                           43       43        8        1       1
                bssCOMRAM                            38       38        B        1       1
                cinit                              5898     5898       62      83D       0
                nvBANK0                              FE       FE        1       60       1
                nvCOMRAM                             4B       4B        1        1       1
                idataBANK1                         5DA4     5DA4        8      83D       0
                idataCOMRAM                        5D9C     5D9C        8      83D       0

TOTAL           Name                               Link     Load   Length     Space
        CLASS   STACK          

        CLASS   CODE           
                intcodelo                            18       18       8A         0
                intcode                               8        8        6         0
                init                                 A2       A2        4         0
                reset_vec                             0        0        4         0
                intcode_body                       5DC0     5DC0        4         0
                text54                             4B24     4B24      170         0
                text53                             49B2     49B2      172         0
                text52                             5DBA     5DBA        6         0
                text51                             5DB4     5DB4        6         0
                text49                             5D0A     5D0A       26         0
                text48                             5DAC     5DAC        8         0
                text47                             5D30     5D30       1E         0
                text46                             5D8C     5D8C       10         0
                text45                             4C94     4C94      126         0
                text44                             5D78     5D78       14         0
                text43                             5D64     5D64       14         0
                text42                             5B08     5B08       46         0
                text41                             5698     5698       A4         0
                text40                             582E     582E       6A         0
                text39                             573C     573C       84         0
                text38                             55F4     55F4       A4         0
                text37                             5550     5550       A4         0
                text36                             5D4E     5D4E       16         0
                text35                             5B92     5B92       40         0
                text34                             465A     465A      1B4         0
                text33                             40A8     40A8      39C         0
                text32                             3C7C     3C7C      42C         0
                text31                             5C42     5C42       38         0
                text30                             331E     331E      4C2         0
                text29                             5AC0     5AC0       48         0
                text28                             4FC6     4FC6       FE         0
                text27                             5CB0     5CB0       34         0
                text26                             1CDA     1CDA      858         0
                text25                             2532     2532      768         0
                text24                             5CE4     5CE4       26         0
                text23                             5C0A     5C0A       38         0
                text22                             5A6E     5A6E       52         0
                text21                             480E     480E      1A4         0
                text20                             5270     5270       C4         0
                text19                             53F6     53F6       B0         0
                text18                             54A6     54A6       AA         0
                text17                             4EC0     4EC0      106         0
                text16                             4DBA     4DBA      106         0
                text15                             4444     4444      216         0
                text14                             5DC4     5DC4        2         0
                text13                             51A6     51A6       CA         0
                text12                             5B4E     5B4E       44         0
                text11                             5C7A     5C7A       36         0
                text10                             5334     5334       C2         0
                text9                              59BC     59BC       5E         0
                text8                              5BD2     5BD2       38         0
                text7                              595C     595C       60         0
                text6                              107A     107A      C60         0
                text5                              50C4     50C4       E2         0
                text4                              37E0     37E0      49C         0
                text3                              57C0     57C0       6E         0
                text2                              5A1A     5A1A       54         0
                text1                              2C9A     2C9A      684         0
                text0                              58FA     58FA       62         0
                cinit                              5898     5898       62         0
                idataBANK1                         5DA4     5DA4        8         0
                idataCOMRAM                        5D9C     5D9C        8         0

        CLASS   CONST          

        CLASS   SMALLCONST     
                smallconst                         1000     1000       7A         0

        CLASS   MEDIUMCONST    

        CLASS   COMRAM         
                temp                                 4C       4C        1         1
                cstackCOMRAM                          1        1       37         1
                dataCOMRAM                           43       43        8         1
                bssCOMRAM                            38       38        B         1
                nvCOMRAM                             4B       4B        1         1

        CLASS   ABS1           

        CLASS   BIGRAM         

        CLASS   RAM            

        CLASS   BANK0          
                cstackBANK0                          60       60       9E         1
                nvBANK0                              FE       FE        1         1

        CLASS   BANK1          
                cstackBANK1                         100      100       80         1
                dataBANK1                           1F6      1F6        8         1
                bssBANK1                            180      180       76         1

        CLASS   BANK2          

        CLASS   BANK3          

        CLASS   BANK4          

        CLASS   BANK5          

        CLASS   BANK6          

        CLASS   BANK7          

        CLASS   BANK8          

        CLASS   BANK9          

        CLASS   BANK10         

        CLASS   BANK11         

        CLASS   BANK12         

        CLASS   BANK13         

        CLASS   BANK14         

        CLASS   BANK15         

        CLASS   SFR            

        CLASS   CONFIG         
                config                           300000   300000        E         4

        CLASS   IDLOC          
                idloc                            200000   200000        8         5

        CLASS   EEDATA         

        CLASS   FARRAM         



SEGMENTS        Name                           Load    Length   Top    Selector   Space  Class

                reset_vec                      000000  000004  000004         0       0  CODE    
                cstackCOMRAM                   000001  00004C  00004D         1       1  COMRAM  
                intcode                        000008  000006  00000E         4       0  CODE    
                intcodelo                      000018  00008E  0000A6         C       0  CODE    
                cstackBANK0                    000060  00009F  0000FF        60       1  BANK0   
                cstackBANK1                    000100  0000FE  0001FE       100       1  BANK1   
                smallconst                     001000  00007A  00107A       800       0  SMALLCON
                text6                          00107A  004D4C  005DC6       83D       0  CODE    


UNUSED ADDRESS RANGES

        Name                Unused          Largest block    Delta
        BANK0            0000FF-0000FF                1
        BANK1            0001FE-0001FF                2
        BANK10           000A00-000AFF              100
        BANK11           000B00-000BFF              100
        BANK12           000C00-000CFF              100
        BANK13           000D00-000DFF              100
        BANK14           000E00-000EFF              100
        BANK15           000F00-000F15               16
        BANK2            000200-0002FF              100
        BANK3            000300-0003FF              100
        BANK4            000400-0004FF              100
        BANK5            000500-0005FF              100
        BANK6            000600-0006FF              100
        BANK7            000700-0007FF              100
        BANK8            000800-0008FF              100
        BANK9            000900-0009FF              100
        BIGRAM           00004D-00005F               13
                         0000FF-0000FF                1
                         0001FE-000F15              D18
        CODE             000004-000007                4
                         00000E-000017                A
                         0000A6-000FFF              F5A
                         005DC6-01FFFF            1A23A
        COMRAM           00004D-00005F               13
        CONST            000004-000007                4
                         00000E-000017                A
                         0000A6-000FFF              F5A
                         005DC6-01FFFF            1A23A
        EEDATA           F00000-F003FF              400
        MEDIUMCONST      005DC6-00FFFF             A23A
                         011000-01FFFF             F000
        RAM              0000FF-0000FF                1
                         0001FE-000F15              100
        SFR              000F16-000FFF               4A
        SMALLCONST       005DC6-01FFFF              100
        STACK            0001FE-000F15              D18

                                  Symbol Table

?___awdiv                   cstackCOMRAM 000014
?___awmod                   cstackCOMRAM 000014
?___fladd                   cstackBANK0  000082
?___fldiv                   cstackCOMRAM 000022
?___flmul                   cstackBANK0  00006D
?___flneg                   cstackCOMRAM 00002E
?___flsub                   cstackBANK0  000092
?___fltol                   cstackCOMRAM 000014
?___fpclassifyf             cstackCOMRAM 000014
?___lldiv                   cstackCOMRAM 000014
?___lmul                    cstackCOMRAM 000014
?___wmul                    cstackCOMRAM 000014
?___xxtofl                  cstackCOMRAM 000014
?_atan2f                    cstackBANK0  0000D4
?_atanf                     cstackBANK0  00009A
?_atoi                      cstackCOMRAM 00001B
?_efgtoa                    cstackBANK0  00009A
?_fabsf                     cstackCOMRAM 00002E
?_floorf                    cstackCOMRAM 00002E
?_isdigit                   cstackCOMRAM 000014
?_isspace                   cstackCOMRAM 000014
?_isupper                   cstackCOMRAM 000014
?_map                       cstackCOMRAM 000021
?_pad                       cstackCOMRAM 000024
?_sprintf                   cstackBANK1  000100
?_strlen                    cstackCOMRAM 000014
?_strncmp                   cstackCOMRAM 000014
?_tolower                   cstackCOMRAM 00001A
?_vfpfcnvrt                 cstackBANK0  0000DE
?_vfprintf                  cstackBANK0  0000F4
CCP1handler@CCPRT           cstackCOMRAM 00000D
CCP4handler@CCPRT           cstackCOMRAM 00000D
I2C_Master_Write@data       cstackCOMRAM 000015
I2C_Read@ACK_NACK           cstackCOMRAM 000014
I2C_Read@Data               cstackCOMRAM 000015
I2C_Start@add               cstackCOMRAM 000016
MPU6050_Read@AX             cstackBANK1  00014C
MPU6050_Read@AY             cstackBANK1  000150
MPU6050_Read@AZ             cstackBANK1  00016A
MPU6050_Read@Ax             cstackBANK1  000154
MPU6050_Read@Ay             cstackBANK1  000156
MPU6050_Read@Az             cstackBANK1  000158
MPU6050_Read@Gx             cstackBANK1  00015A
MPU6050_Read@Gy             cstackBANK1  00015C
MPU6050_Read@Gz             cstackBANK1  00015E
MPU6050_Read@T              cstackBANK1  000160
MPU6050_Read@accAngleX      cstackBANK1  000162
MPU6050_Read@accAngleY      cstackBANK1  000166
MPU6050_Read@buffer         cstackBANK1  000124
Servo1@angle                cstackCOMRAM 000035
Servo1@temp                 cstackBANK0  000068
Servo2@angle                cstackCOMRAM 000035
Servo2@temp                 cstackBANK0  000068
UART_Write@data             cstackCOMRAM 000014
UART_Write_String@buf       cstackCOMRAM 000015
UART_Write_String@i         cstackCOMRAM 000017
_BAUDCON1bits               (abs)        000F65
_BSR                        (abs)        000FE0
_BSR_temp                   bssCOMRAM    00003E
_CCP1CON                    (abs)        000FBB
_CCP1handler                text54       004B24
_CCP4CON                    (abs)        000F77
_CCP4handler                text53       0049B2
_CCPR1H                     (abs)        000FBD
_CCPR1L                     (abs)        000FBC
_CCPR1X                     nvCOMRAM     00004B
_CCPR4H                     (abs)        000F79
_CCPR4L                     (abs)        000F78
_CCPR4X                     nvBANK0      0000FE
_CCPTMRS0                   (abs)        000F2D
_CCPTMRS1                   (abs)        000F2C
_CurrentTime                bssBANK1     00019C
_GyroAngleX                 bssBANK1     000194
_GyroAngleY                 bssBANK1     000190
_HiPriISR                   intcode      000008
_I2C_ACK                    text44       005D78
_I2C_Master_Stop            text48       005DAC
_I2C_Master_Wait            text49       005D0A
_I2C_Master_Write           text47       005D30
_I2C_NACK                   text43       005D64
_I2C_Read                   text42       005B08
_I2C_Start                  text46       005D8C
_INTCONbits                 (abs)        000FF2
_IPR1bits                   (abs)        000F9F
_IPR2bits                   (abs)        000FA2
_IPR3bits                   (abs)        000FA5
_IPR4bits                   (abs)        000FB8
_Initial                    text45       004C94
_LATC                       (abs)        000F8B
_LATD                       (abs)        000F8C
_LATDbits                   (abs)        000F8C
_LATE                       (abs)        000F8D
_LATEbits                   (abs)        000F8D
_LoPriISR                   intcodelo    000018
_MPU6050_Read               text1        002C9A
_MPU6050_Read$2603          cstackBANK1  00016E
_MPU6050_Read$2604          cstackBANK1  000172
_MPU6050_Read$2605          cstackBANK1  000176
_MPU6050_Read$2606          cstackBANK1  00017A
_PIE1bits                   (abs)        000F9D
_PIE2bits                   (abs)        000FA0
_PIE3bits                   (abs)        000FA3
_PIE4bits                   (abs)        000FB6
_PIR1bits                   (abs)        000F9E
_PIR2bits                   (abs)        000FA1
_PIR3bits                   (abs)        000FA4
_PIR4bits                   (abs)        000FB7
_RCONbits                   (abs)        000FD0
_RCSTA1bits                 (abs)        000FAB
_SPBRG1                     (abs)        000FAF
_SPBRGH1                    (abs)        000FD4
_SSP1ADD                    (abs)        000FC8
_SSP1BUF                    (abs)        000FC9
_SSP1CON1                   (abs)        000FC6
_SSP1CON2                   (abs)        000FC5
_SSP1CON2bits               (abs)        000FC5
_SSP1STAT                   (abs)        000FC7
_SSP1STATbits               (abs)        000FC7
_STATUS                     (abs)        000FD8
_Servo1                     text38       0055F4
_Servo1_off                 dataBANK1    0001FA
_Servo1_on                  dataCOMRAM   000047
_Servo2                     text37       005550
_Servo2_off                 dataBANK1    0001F6
_Servo2_on                  dataCOMRAM   000043
_Status_temp                bssCOMRAM    000040
_T0CONbits                  (abs)        000FD5
_T1CON                      (abs)        000FCD
_T1CONbits                  (abs)        000FCD
_T3CON                      (abs)        000FB1
_T3CONbits                  (abs)        000FB1
_TMR1X                      bssCOMRAM    000042
_TMR1handler                text52       005DBA
_TMR3X                      bssCOMRAM    000041
_TMR3handler                text51       005DB4
_TRISC                      (abs)        000F94
_TRISCbits                  (abs)        000F94
_TRISD                      (abs)        000F95
_TRISE                      (abs)        000F96
_TXREG1                     (abs)        000FAD
_TXSTA1bits                 (abs)        000FAC
_UART_Write                 text36       005D4E
_UART_Write_String          text35       005B92
_WREG                       (abs)        000FE8
_Wreg_temp                  bssCOMRAM    00003F
__HRAM                      (abs)        000000
__Habs1                     abs1         000000
__Hbank0                    bank0        000000
__Hbank1                    bank1        000000
__Hbank10                   bank10       000000
__Hbank11                   bank11       000000
__Hbank12                   bank12       000000
__Hbank13                   bank13       000000
__Hbank14                   bank14       000000
__Hbank15                   bank15       000000
__Hbank2                    bank2        000000
__Hbank3                    bank3        000000
__Hbank4                    bank4        000000
__Hbank5                    bank5        000000
__Hbank6                    bank6        000000
__Hbank7                    bank7        000000
__Hbank8                    bank8        000000
__Hbank9                    bank9        000000
__Hbigbss                   bigbss       000000
__Hbigdata                  bigdata      000000
__Hbigram                   bigram       000000
__Hbss                      bss          000000
__HbssBANK1                 bssBANK1     000000
__HbssCOMRAM                bssCOMRAM    000000
__Hcinit                    cinit        000000
__Hclrtext                  clrtext      000000
__Hcomram                   comram       000000
__Hconfig                   config       30000E
__Hconst                    const        000000
__HcstackBANK0              cstackBANK0  000000
__HcstackBANK1              cstackBANK1  000000
__HcstackCOMRAM             cstackCOMRAM 000000
__Hdata                     data         000000
__HdataBANK1                dataBANK1    000000
__HdataCOMRAM               dataCOMRAM   000000
__Heeprom_data              eeprom_data  000000
__Hfarbss                   farbss       000000
__Hfardata                  fardata      000000
__Hibigdata                 ibigdata     000000
__Hidata                    idata        000000
__HidataBANK1               idataBANK1   000000
__HidataCOMRAM              idataCOMRAM  000000
__Hidloc                    idloc        200008
__Hifardata                 ifardata     000000
__Hinit                     init         0000A6
__Hintcode                  intcode      00000E
__Hintcode_body             intcode_body 000000
__Hintcodelo                intcodelo    0000A2
__Hintentry                 intentry     000000
__Hintret                   intret       000000
__Hintsave_regs             intsave_regs 000000
__Hirdata                   irdata       000000
__Hmediumconst              mediumconst  000000
__HnvBANK0                  nvBANK0      000000
__HnvCOMRAM                 nvCOMRAM     000000
__HnvFARRAM                 nvFARRAM     000000
__Hnvbit                    nvbit        000000
__Hnvrram                   nvrram       000000
__Hparam                    rparam       000000
__Hpowerup                  powerup      0000A2
__Hram                      ram          000000
__Hramtop                   ramtop       001000
__Hrbit                     rbit         000000
__Hrbss                     rbss         000000
__Hrdata                    rdata        000000
__Hreset_vec                reset_vec    000004
__Hrparam                   rparam       000000
__Hsfr                      sfr          000000
__Hsmallconst               smallconst   00107A
__Hspace_0                  (abs)        005DC6
__Hspace_1                  (abs)        0001FE
__Hspace_2                  (abs)        000000
__Hspace_4                  (abs)        60000E
__Hstack                    stack        000000
__Hstruct                   struct       000000
__Htemp                     temp         00004D
__Htext                     text         000000
__Htext0                    text0        000000
__Htext1                    text1        000000
__Htext10                   text10       000000
__Htext11                   text11       000000
__Htext12                   text12       000000
__Htext13                   text13       000000
__Htext14                   text14       000000
__Htext15                   text15       000000
__Htext16                   text16       000000
__Htext17                   text17       000000
__Htext18                   text18       000000
__Htext19                   text19       000000
__Htext2                    text2        000000
__Htext20                   text20       000000
__Htext21                   text21       000000
__Htext22                   text22       000000
__Htext23                   text23       000000
__Htext24                   text24       000000
__Htext25                   text25       000000
__Htext26                   text26       000000
__Htext27                   text27       000000
__Htext28                   text28       000000
__Htext29                   text29       000000
__Htext3                    text3        000000
__Htext30                   text30       000000
__Htext31                   text31       000000
__Htext32                   text32       000000
__Htext33                   text33       000000
__Htext34                   text34       000000
__Htext35                   text35       000000
__Htext36                   text36       000000
__Htext37                   text37       000000
__Htext38                   text38       000000
__Htext39                   text39       000000
__Htext4                    text4        000000
__Htext40                   text40       000000
__Htext41                   text41       000000
__Htext42                   text42       000000
__Htext43                   text43       000000
__Htext44                   text44       000000
__Htext45                   text45       000000
__Htext46                   text46       000000
__Htext47                   text47       000000
__Htext48                   text48       000000
__Htext49                   text49       000000
__Htext5                    text5        000000
__Htext51                   text51       000000
__Htext52                   text52       000000
__Htext53                   text53       000000
__Htext54                   text54       000000
__Htext6                    text6        000000
__Htext7                    text7        000000
__Htext8                    text8        000000
__Htext9                    text9        000000
__LRAM                      (abs)        000001
__Labs1                     abs1         000000
__Lbank0                    bank0        000000
__Lbank1                    bank1        000000
__Lbank10                   bank10       000000
__Lbank11                   bank11       000000
__Lbank12                   bank12       000000
__Lbank13                   bank13       000000
__Lbank14                   bank14       000000
__Lbank15                   bank15       000000
__Lbank2                    bank2        000000
__Lbank3                    bank3        000000
__Lbank4                    bank4        000000
__Lbank5                    bank5        000000
__Lbank6                    bank6        000000
__Lbank7                    bank7        000000
__Lbank8                    bank8        000000
__Lbank9                    bank9        000000
__Lbigbss                   bigbss       000000
__Lbigdata                  bigdata      000000
__Lbigram                   bigram       000000
__Lbss                      bss          000000
__LbssBANK1                 bssBANK1     000000
__LbssCOMRAM                bssCOMRAM    000000
__Lcinit                    cinit        000000
__Lclrtext                  clrtext      000000
__Lcomram                   comram       000000
__Lconfig                   config       000000
__Lconst                    const        000000
__LcstackBANK0              cstackBANK0  000000
__LcstackBANK1              cstackBANK1  000000
__LcstackCOMRAM             cstackCOMRAM 000000
__Ldata                     data         000000
__LdataBANK1                dataBANK1    000000
__LdataCOMRAM               dataCOMRAM   000000
__Leeprom_data              eeprom_data  000000
__Lfarbss                   farbss       000000
__Lfardata                  fardata      000000
__Libigdata                 ibigdata     000000
__Lidata                    idata        000000
__LidataBANK1               idataBANK1   000000
__LidataCOMRAM              idataCOMRAM  000000
__Lidloc                    idloc        000000
__Lifardata                 ifardata     000000
__Linit                     init         0000A2
__Lintcode                  intcode      000008
__Lintcode_body             intcode_body 000000
__Lintcodelo                intcodelo    000018
__Lintentry                 intentry     000000
__Lintret                   intret       000000
__Lintsave_regs             intsave_regs 000000
__Lirdata                   irdata       000000
__Lmediumconst              mediumconst  000000
__LnvBANK0                  nvBANK0      000000
__LnvCOMRAM                 nvCOMRAM     000000
__LnvFARRAM                 nvFARRAM     000000
__Lnvbit                    nvbit        000000
__Lnvrram                   nvrram       000000
__Lparam                    rparam       000000
__Lpowerup                  powerup      0000A2
__Lram                      ram          000000
__Lramtop                   ramtop       001000
__Lrbit                     rbit         000000
__Lrbss                     rbss         000000
__Lrdata                    rdata        000000
__Lreset_vec                reset_vec    000000
__Lrparam                   rparam       000000
__Lsfr                      sfr          000000
__Lsmallconst               smallconst   001000
__Lspace_0                  (abs)        000000
__Lspace_1                  (abs)        000000
__Lspace_2                  (abs)        000000
__Lspace_4                  (abs)        000000
__Lstack                    stack        000000
__Lstruct                   struct       000000
__Ltemp                     temp         00004C
__Ltext                     text         000000
__Ltext0                    text0        000000
__Ltext1                    text1        000000
__Ltext10                   text10       000000
__Ltext11                   text11       000000
__Ltext12                   text12       000000
__Ltext13                   text13       000000
__Ltext14                   text14       000000
__Ltext15                   text15       000000
__Ltext16                   text16       000000
__Ltext17                   text17       000000
__Ltext18                   text18       000000
__Ltext19                   text19       000000
__Ltext2                    text2        000000
__Ltext20                   text20       000000
__Ltext21                   text21       000000
__Ltext22                   text22       000000
__Ltext23                   text23       000000
__Ltext24                   text24       000000
__Ltext25                   text25       000000
__Ltext26                   text26       000000
__Ltext27                   text27       000000
__Ltext28                   text28       000000
__Ltext29                   text29       000000
__Ltext3                    text3        000000
__Ltext30                   text30       000000
__Ltext31                   text31       000000
__Ltext32                   text32       000000
__Ltext33                   text33       000000
__Ltext34                   text34       000000
__Ltext35                   text35       000000
__Ltext36                   text36       000000
__Ltext37                   text37       000000
__Ltext38                   text38       000000
__Ltext39                   text39       000000
__Ltext4                    text4        000000
__Ltext40                   text40       000000
__Ltext41                   text41       000000
__Ltext42                   text42       000000
__Ltext43                   text43       000000
__Ltext44                   text44       000000
__Ltext45                   text45       000000
__Ltext46                   text46       000000
__Ltext47                   text47       000000
__Ltext48                   text48       000000
__Ltext49                   text49       000000
__Ltext5                    text5        000000
__Ltext51                   text51       000000
__Ltext52                   text52       000000
__Ltext53                   text53       000000
__Ltext54                   text54       000000
__Ltext6                    text6        000000
__Ltext7                    text7        000000
__Ltext8                    text8        000000
__Ltext9                    text9        000000
__S0                        (abs)        005DC6
__S1                        (abs)        0001FE
__S2                        (abs)        000000
__S4                        (abs)        000000
__S5                        (abs)        000000
___awdiv                    text20       005270
___awdiv@counter            cstackCOMRAM 000018
___awdiv@dividend           cstackCOMRAM 000014
___awdiv@divisor            cstackCOMRAM 000016
___awdiv@quotient           cstackCOMRAM 00001A
___awdiv@sign               cstackCOMRAM 000019
___awmod                    text19       0053F6
___awmod@counter            cstackCOMRAM 000018
___awmod@dividend           cstackCOMRAM 000014
___awmod@divisor            cstackCOMRAM 000016
___awmod@sign               cstackCOMRAM 000019
___extmem_base              (abs)        020000
___fladd                    text30       00331E
___fladd@a                  cstackBANK0  000086
___fladd@aexp               cstackBANK0  00008F
___fladd@b                  cstackBANK0  000082
___fladd@bexp               cstackBANK0  000090
___fladd@grs                cstackBANK0  000091
___fladd@signs              cstackBANK0  00008E
___fldiv                    text33       0040A8
___fldiv@a                  cstackCOMRAM 000026
___fldiv@aexp               cstackBANK0  00006C
___fldiv@b                  cstackCOMRAM 000022
___fldiv@bexp               cstackBANK0  00006B
___fldiv@grs                cstackBANK0  000067
___fldiv@new_exp            cstackBANK0  000065
___fldiv@rem                cstackBANK0  000060
___fldiv@sign               cstackBANK0  000064
___fleq                     text18       0054A6
___fleq@ff1                 cstackCOMRAM 000014
___fleq@ff2                 cstackCOMRAM 000018
___flge                     text17       004EC0
___flge@ff1                 cstackBANK0  000082
___flge@ff2                 cstackBANK0  000086
___flmul                    text32       003C7C
___flmul@a                  cstackBANK0  000071
___flmul@aexp               cstackBANK0  000076
___flmul@b                  cstackBANK0  00006D
___flmul@bexp               cstackBANK0  00007B
___flmul@grs                cstackBANK0  000077
___flmul@prod               cstackBANK0  00007C
___flmul@sign               cstackBANK0  000075
___flmul@temp               cstackBANK0  000080
___flneg                    text31       005C42
___flneg@f1                 cstackCOMRAM 00002E
___flsub                    text29       005AC0
___flsub@a                  cstackBANK0  000096
___flsub@b                  cstackBANK0  000092
___fltol                    text16       004DBA
___fltol@exp1               cstackCOMRAM 00001D
___fltol@f1                 cstackCOMRAM 000014
___fltol@sign1              cstackCOMRAM 00001C
___fpclassifyf              text28       004FC6
___fpclassifyf@F465         bssBANK1     000188
___fpclassifyf@e            cstackCOMRAM 00001C
___fpclassifyf@u            cstackCOMRAM 00001E
___fpclassifyf@x            cstackCOMRAM 000014
___inthi_sp                 stack        000000
___intlo_sp                 stack        000000
___lldiv                    text41       005698
___lldiv@counter            cstackCOMRAM 000020
___lldiv@dividend           cstackCOMRAM 000014
___lldiv@divisor            cstackCOMRAM 000018
___lldiv@quotient           cstackCOMRAM 00001C
___lmul                     text40       00582E
___lmul@multiplicand        cstackCOMRAM 000018
___lmul@multiplier          cstackCOMRAM 000014
___lmul@product             cstackCOMRAM 00001C
___param_bank               (abs)        000000
___rparam_used              (abs)        000001
___sp                       stack        000000
___wmul                     text24       005CE4
___wmul@multiplicand        cstackCOMRAM 000016
___wmul@multiplier          cstackCOMRAM 000014
___wmul@product             cstackCOMRAM 000018
___xxtofl                   text34       00465A
___xxtofl@arg               cstackCOMRAM 00001E
___xxtofl@exp               cstackCOMRAM 00001D
___xxtofl@sign              cstackCOMRAM 00001C
___xxtofl@val               cstackCOMRAM 000014
__accesstop                 (abs)        000060
__activetblptr              (abs)        000003
__end_of_CCP1handler        text54       004C94
__end_of_CCP4handler        text53       004B24
__end_of_HiPriISR           intcode_body 005DC4
__end_of_I2C_ACK            text44       005D8C
__end_of_I2C_Master_Stop    text48       005DB4
__end_of_I2C_Master_Wait    text49       005D30
__end_of_I2C_Master_Write   text47       005D4E
__end_of_I2C_NACK           text43       005D78
__end_of_I2C_Read           text42       005B4E
__end_of_I2C_Start          text46       005D9C
__end_of_Initial            text45       004DBA
__end_of_LoPriISR           intcodelo    0000A2
__end_of_MPU6050_Read       text1        00331E
__end_of_Servo1             text38       005698
__end_of_Servo2             text37       0055F4
__end_of_TMR1handler        text52       005DC0
__end_of_TMR3handler        text51       005DBA
__end_of_UART_Write         text36       005D64
__end_of_UART_Write_String  text35       005BD2
__end_of___awdiv            text20       005334
__end_of___awmod            text19       0054A6
__end_of___fladd            text30       0037E0
__end_of___fldiv            text33       004444
__end_of___fleq             text18       005550
__end_of___flge             text17       004FC6
__end_of___flmul            text32       0040A8
__end_of___flneg            text31       005C7A
__end_of___flsub            text29       005B08
__end_of___fltol            text16       004EC0
__end_of___fpclassifyf      text28       0050C4
__end_of___lldiv            text41       00573C
__end_of___lmul             text40       005898
__end_of___wmul             text24       005D0A
__end_of___xxtofl           text34       00480E
__end_of__initialization    cinit        0058F0
__end_of_aT                 smallconst   001015
__end_of_atan2f             text25       002C9A
__end_of_atanf              text26       002532
__end_of_atanhi             smallconst   001035
__end_of_atanlo             smallconst   001025
__end_of_atoi               text21       0049B2
__end_of_efgtoa             text6        001CDA
__end_of_fabsf              text27       005CE4
__end_of_floorf             text15       00465A
__end_of_fputc              text13       005270
__end_of_fputs              text12       005B92
__end_of_isdigit            text23       005C42
__end_of_isspace            text22       005AC0
__end_of_isupper            text8        005C0A
__end_of_main               text0        00595C
__end_of_map                text39       0057C0
__end_of_pad                text10       0053F6
__end_of_pi                 smallconst   00103D
__end_of_pi_lo              smallconst   001039
__end_of_putch              text14       005DC6
__end_of_sprintf            text2        005A6E
__end_of_strcpy             text9        005A1A
__end_of_strlen             text11       005CB0
__end_of_strncmp            text5        0051A6
__end_of_tolower            text7        0059BC
__end_of_vfpfcnvrt          text4        003C7C
__end_of_vfprintf           text3        00582E
__initialization            cinit        005898
__mediumconst               mediumconst  000000
__pbssBANK1                 bssBANK1     000180
__pbssCOMRAM                bssCOMRAM    000038
__pcinit                    cinit        005898
__pcstackBANK0              cstackBANK0  000060
__pcstackBANK1              cstackBANK1  000100
__pcstackCOMRAM             cstackCOMRAM 000001
__pdataBANK1                dataBANK1    0001F6
__pdataCOMRAM               dataCOMRAM   000043
__pidataBANK1               idataBANK1   005DA4
__pidataCOMRAM              idataCOMRAM  005D9C
__pintcode                  intcode      000008
__pintcode_body             intcode_body 005DC0
__pintcodelo                intcodelo    000018
__pnvBANK0                  nvBANK0      0000FE
__pnvCOMRAM                 nvCOMRAM     00004B
__psmallconst               smallconst   001000
__ptext0                    text0        0058FA
__ptext1                    text1        002C9A
__ptext10                   text10       005334
__ptext11                   text11       005C7A
__ptext12                   text12       005B4E
__ptext13                   text13       0051A6
__ptext14                   text14       005DC4
__ptext15                   text15       004444
__ptext16                   text16       004DBA
__ptext17                   text17       004EC0
__ptext18                   text18       0054A6
__ptext19                   text19       0053F6
__ptext2                    text2        005A1A
__ptext20                   text20       005270
__ptext21                   text21       00480E
__ptext22                   text22       005A6E
__ptext23                   text23       005C0A
__ptext24                   text24       005CE4
__ptext25                   text25       002532
__ptext26                   text26       001CDA
__ptext27                   text27       005CB0
__ptext28                   text28       004FC6
__ptext29                   text29       005AC0
__ptext3                    text3        0057C0
__ptext30                   text30       00331E
__ptext31                   text31       005C42
__ptext32                   text32       003C7C
__ptext33                   text33       0040A8
__ptext34                   text34       00465A
__ptext35                   text35       005B92
__ptext36                   text36       005D4E
__ptext37                   text37       005550
__ptext38                   text38       0055F4
__ptext39                   text39       00573C
__ptext4                    text4        0037E0
__ptext40                   text40       00582E
__ptext41                   text41       005698
__ptext42                   text42       005B08
__ptext43                   text43       005D64
__ptext44                   text44       005D78
__ptext45                   text45       004C94
__ptext46                   text46       005D8C
__ptext47                   text47       005D30
__ptext48                   text48       005DAC
__ptext49                   text49       005D0A
__ptext5                    text5        0050C4
__ptext51                   text51       005DB4
__ptext52                   text52       005DBA
__ptext53                   text53       0049B2
__ptext54                   text54       004B24
__ptext6                    text6        00107A
__ptext7                    text7        00595C
__ptext8                    text8        005BD2
__ptext9                    text9        0059BC
__ramtop                    ramtop       001000
__size_of_CCP1handler       (abs)        000000
__size_of_CCP4handler       (abs)        000000
__size_of_HiPriISR          (abs)        000000
__size_of_I2C_ACK           (abs)        000000
__size_of_I2C_Master_Stop   (abs)        000000
__size_of_I2C_Master_Wait   (abs)        000000
__size_of_I2C_Master_Write  (abs)        000000
__size_of_I2C_NACK          (abs)        000000
__size_of_I2C_Read          (abs)        000000
__size_of_I2C_Start         (abs)        000000
__size_of_Initial           (abs)        000000
__size_of_LoPriISR          (abs)        000000
__size_of_MPU6050_Read      (abs)        000000
__size_of_Servo1            (abs)        000000
__size_of_Servo2            (abs)        000000
__size_of_TMR1handler       (abs)        000000
__size_of_TMR3handler       (abs)        000000
__size_of_UART_Write        (abs)        000000
__size_of_UART_Write_String (abs)        000000
__size_of___awdiv           (abs)        000000
__size_of___awmod           (abs)        000000
__size_of___fladd           (abs)        000000
__size_of___fldiv           (abs)        000000
__size_of___fleq            (abs)        000000
__size_of___flge            (abs)        000000
__size_of___flmul           (abs)        000000
__size_of___flneg           (abs)        000000
__size_of___flsub           (abs)        000000
__size_of___fltol           (abs)        000000
__size_of___fpclassifyf     (abs)        000000
__size_of___lldiv           (abs)        000000
__size_of___lmul            (abs)        000000
__size_of___wmul            (abs)        000000
__size_of___xxtofl          (abs)        000000
__size_of_atan2f            (abs)        000000
__size_of_atanf             (abs)        000000
__size_of_atoi              (abs)        000000
__size_of_efgtoa            (abs)        000000
__size_of_fabsf             (abs)        000000
__size_of_floorf            (abs)        000000
__size_of_fputc             (abs)        000000
__size_of_fputs             (abs)        000000
__size_of_isdigit           (abs)        000000
__size_of_isspace           (abs)        000000
__size_of_isupper           (abs)        000000
__size_of_main              (abs)        000000
__size_of_map               (abs)        000000
__size_of_pad               (abs)        000000
__size_of_putch             (abs)        000000
__size_of_sprintf           (abs)        000000
__size_of_strcpy            (abs)        000000
__size_of_strlen            (abs)        000000
__size_of_strncmp           (abs)        000000
__size_of_tolower           (abs)        000000
__size_of_vfpfcnvrt         (abs)        000000
__size_of_vfprintf          (abs)        000000
__smallconst                smallconst   001000
_aT                         smallconst   001001
_atan2f                     text25       002532
_atan2f$2607                cstackBANK1  000100
_atan2f$2608                cstackBANK1  000104
_atan2f$2609                cstackBANK1  000108
_atanf                      text26       001CDA
_atanf$2610                 cstackBANK0  0000BE
_atanf$2611                 cstackBANK0  0000A6
_atanf$2612                 cstackBANK0  0000C2
_atanf$2613                 cstackBANK0  0000AA
_atanf$2614                 cstackBANK0  0000AE
_atanhi                     smallconst   001025
_atanlo                     smallconst   001015
_atoi                       text21       00480E
_atoi$2287                  cstackCOMRAM 000023
_atoi$2288                  cstackCOMRAM 000027
_atoi$2289                  cstackCOMRAM 000025
_dbuf                       bssBANK1     0001A6
_efgtoa                     text6        00107A
_efgtoa$2235                cstackBANK0  0000A6
_efgtoa$2236                cstackBANK0  0000A8
_efgtoa$2241                cstackBANK0  0000AA
_efgtoa$2245                cstackBANK0  0000AC
_efgtoa$2246                cstackBANK0  0000AE
_efgtoa$2247                cstackBANK0  0000B0
_fabsf                      text27       005CB0
_flags                      bssCOMRAM    00003C
_floorf                     text15       004444
_fputc                      text13       0051A6
_fputs                      text12       005B4E
_isdigit                    text23       005C0A
_isspace                    text22       005A6E
_isspace$2318               cstackCOMRAM 00001A
_isupper                    text8        005BD2
_main                       text0        0058FA
_map                        text39       00573C
_nout                       bssBANK1     0001A4
_pad                        text10       005334
_prec                       bssCOMRAM    00003A
_previousTime               bssBANK1     000198
_putch                      text14       005DC4
_sprintf                    text2        005A1A
_strcpy                     text9        0059BC
_strlen                     text11       005C7A
_strncmp                    text5        0050C4
_time0counter               bssBANK1     0001A0
_tolower                    text7        00595C
_tolower$2382               cstackCOMRAM 000020
_vfpfcnvrt                  text4        0037E0
_vfpfcnvrt$2261             cstackBANK0  0000E8
_vfpfcnvrt$2265             cstackBANK0  0000EA
_vfprintf                   text3        0057C0
_width                      bssCOMRAM    000038
_yaw                        bssBANK1     00018C
atan2f@__xc8_float_word     cstackBANK1  00010C
atan2f@ix                   cstackBANK1  000114
atan2f@iy                   cstackBANK1  000118
atan2f@m                    cstackBANK1  00011C
atan2f@x                    cstackBANK0  0000D8
atan2f@y                    cstackBANK0  0000D4
atan2f@z                    cstackBANK1  000110
atanf@__xc8_float_word      cstackBANK0  0000A2
atanf@id                    cstackBANK0  0000CA
atanf@ix                    cstackBANK0  0000D0
atanf@s1                    cstackBANK0  0000B2
atanf@s2                    cstackBANK0  0000B6
atanf@sign                  cstackBANK0  0000BA
atanf@w                     cstackBANK0  0000C6
atanf@x                     cstackBANK0  00009A
atanf@z                     cstackBANK0  0000CC
atoi@n                      cstackCOMRAM 000028
atoi@neg                    cstackCOMRAM 000021
atoi@s                      cstackCOMRAM 00001B
btemp                       temp         00004C
efgtoa@c                    cstackBANK0  0000A0
efgtoa@d                    cstackBANK0  0000BE
efgtoa@e                    cstackBANK0  0000D6
efgtoa@f                    cstackBANK0  00009C
efgtoa@fp                   cstackBANK0  00009A
efgtoa@g                    cstackBANK0  0000D2
efgtoa@h                    cstackBANK0  0000C8
efgtoa@i                    cstackBANK0  0000D0
efgtoa@l                    cstackBANK0  0000CC
efgtoa@m                    cstackBANK0  0000B8
efgtoa@mode                 cstackBANK0  0000C7
efgtoa@n                    cstackBANK0  0000D8
efgtoa@ne                   cstackBANK0  0000B6
efgtoa@nmode                cstackBANK0  0000C6
efgtoa@ou                   cstackBANK0  0000BA
efgtoa@p                    cstackBANK0  0000C2
efgtoa@pp                   cstackBANK0  0000B4
efgtoa@sign                 cstackBANK0  0000C0
efgtoa@t                    cstackBANK0  0000B2
efgtoa@u                    cstackBANK0  0000DA
efgtoa@w                    cstackBANK0  0000C4
end_of_initialization       cinit        0058F0
fabsf@F465                  bssBANK1     000184
fabsf@u                     cstackCOMRAM 000032
fabsf@x                     cstackCOMRAM 00002E
floorf@F527                 bssBANK1     000180
floorf@e                    cstackBANK0  000071
floorf@m                    cstackBANK0  00006D
floorf@u                    cstackBANK0  000073
floorf@x                    cstackCOMRAM 00002E
fputc@c                     cstackCOMRAM 000014
fputc@fp                    cstackCOMRAM 000016
fputs@c                     cstackCOMRAM 000021
fputs@fp                    cstackCOMRAM 00001F
fputs@i                     cstackCOMRAM 000022
fputs@s                     cstackCOMRAM 00001D
int$flags                   temp         00004C
int_func                    intcode_body 005DC0
intlevel0                   text         000000
intlevel1                   text         000000
intlevel2                   text         000000
intlevel3                   text         000000
isa$std                     (abs)        000001
isa$xinst                   (abs)        000000
isdigit@c                   cstackCOMRAM 000014
isspace@c                   cstackCOMRAM 000014
isupper@c                   cstackCOMRAM 000014
main@i                      cstackBANK1  00017E
map@first                   cstackCOMRAM 000031
map@newmax                  cstackCOMRAM 000029
map@newmin                  cstackCOMRAM 000027
map@second                  cstackCOMRAM 00002D
map@third                   cstackCOMRAM 000033
map@value                   cstackCOMRAM 000021
map@valuemax                cstackCOMRAM 000025
map@valuemin                cstackCOMRAM 000023
pad@buf                     cstackCOMRAM 000026
pad@fp                      cstackCOMRAM 000024
pad@i                       cstackCOMRAM 00002B
pad@p                       cstackCOMRAM 000028
pad@w                       cstackCOMRAM 00002D
sprintf@ap                  cstackBANK1  000108
sprintf@f                   cstackBANK1  00010A
sprintf@fmt                 cstackBANK1  000102
sprintf@s                   cstackBANK1  000100
stackhi                     (abs)        000F15
stacklo                     (abs)        0001FE
start                       init         0000A2
start_initialization        cinit        005898
strcpy@d                    cstackCOMRAM 00001C
strcpy@dest                 cstackCOMRAM 000014
strcpy@s                    cstackCOMRAM 00001A
strcpy@src                  cstackCOMRAM 000016
strlen@a                    cstackCOMRAM 000016
strlen@s                    cstackCOMRAM 000014
strncmp@_l                  cstackCOMRAM 000014
strncmp@_r                  cstackCOMRAM 000016
strncmp@l                   cstackCOMRAM 00001B
strncmp@n                   cstackCOMRAM 000018
strncmp@r                   cstackCOMRAM 00001D
tolower@c                   cstackCOMRAM 00001A
ttemp5                      temp         00004D
ttemp6                      temp         000050
ttemp7                      temp         000054
vfpfcnvrt@ap                cstackBANK0  0000E2
vfpfcnvrt@c                 cstackBANK0  0000F3
vfpfcnvrt@ct                cstackBANK0  0000F0
vfpfcnvrt@f                 cstackBANK0  0000EC
vfpfcnvrt@fmt               cstackBANK0  0000E0
vfpfcnvrt@fp                cstackBANK0  0000DE
vfprintf@ap                 cstackBANK0  0000F8
vfprintf@cfmt               cstackBANK0  0000FA
vfprintf@fmt                cstackBANK0  0000F6
vfprintf@fp                 cstackBANK0  0000F4
wtemp8                      temp         00004D


MODULE INFORMATION

Module		Function		Class		Link	Load	Size
C:\Program Files\Microchip\xc8\v2.32\pic\sources\c99\common\nf_sprintf.c
		_sprintf       		CODE           	5A1A	0000	84

C:\Program Files\Microchip\xc8\v2.32\pic\sources\c99\common\nf_sprintf.c estimated size: 84

C:\Program Files\Microchip\xc8\v2.32\pic\sources\c99\common\awdiv.c
		___awdiv       		CODE           	5270	0000	196

C:\Program Files\Microchip\xc8\v2.32\pic\sources\c99\common\awdiv.c estimated size: 196

C:\Program Files\Microchip\xc8\v2.32\pic\sources\c99\common\isdigit.c
		_isdigit       		CODE           	5C0A	0000	56

C:\Program Files\Microchip\xc8\v2.32\pic\sources\c99\common\isdigit.c estimated size: 56

C:\Program Files\Microchip\xc8\v2.32\pic\sources\c99\common\sprcadd.c
		___flsub       		CODE           	5AC0	0000	72
		___fladd       		CODE           	331E	0000	1218

C:\Program Files\Microchip\xc8\v2.32\pic\sources\c99\common\sprcadd.c estimated size: 1290

C:\Program Files\Microchip\xc8\v2.32\pic\sources\c99\common\doprnt.c
		_vfpfcnvrt     		CODE           	37E0	0000	1180
		_efgtoa        		CODE           	107A	0000	3168
		_pad           		CODE           	5334	0000	194
		_vfprintf      		CODE           	57C0	0000	110

C:\Program Files\Microchip\xc8\v2.32\pic\sources\c99\common\doprnt.c estimated size: 4652

C:\Program Files\Microchip\xc8\v2.32\pic\sources\c99\common\flneg.c
		___flneg       		CODE           	5C42	0000	56

C:\Program Files\Microchip\xc8\v2.32\pic\sources\c99\common\flneg.c estimated size: 56

C:\Program Files\Microchip\xc8\v2.32\pic\sources\c99\common\fabsf.c
		_fabsf         		CODE           	5CB0	0000	52

C:\Program Files\Microchip\xc8\v2.32\pic\sources\c99\common\fabsf.c estimated size: 52

C:\Program Files\Microchip\xc8\v2.32\pic\sources\c99\common\atan2f.c
		_atan2f        		CODE           	2532	0000	1896

C:\Program Files\Microchip\xc8\v2.32\pic\sources\c99\common\atan2f.c estimated size: 1896

C:\Program Files\Microchip\xc8\v2.32\pic\sources\c99\common\atanf.c
		_atanf         		CODE           	1CDA	0000	2136

C:\Program Files\Microchip\xc8\v2.32\pic\sources\c99\common\atanf.c estimated size: 2136

C:\Program Files\Microchip\xc8\v2.32\pic\sources\c99\common\atoi.c
		_atoi          		CODE           	480E	0000	420

C:\Program Files\Microchip\xc8\v2.32\pic\sources\c99\common\atoi.c estimated size: 420

C:\Program Files\Microchip\xc8\v2.32\pic\sources\c99\common\nf_fputs.c
		_fputs         		CODE           	5B4E	0000	68

C:\Program Files\Microchip\xc8\v2.32\pic\sources\c99\common\nf_fputs.c estimated size: 68

C:\Program Files\Microchip\xc8\v2.32\pic\sources\c99\common\fleq.c
		___fleq        		CODE           	54A6	0000	170

C:\Program Files\Microchip\xc8\v2.32\pic\sources\c99\common\fleq.c estimated size: 170

C:\Program Files\Microchip\xc8\v2.32\pic\sources\c99\common\putch.c
		_putch         		CODE           	5DC4	0000	2

C:\Program Files\Microchip\xc8\v2.32\pic\sources\c99\common\putch.c estimated size: 2

C:\Program Files\Microchip\xc8\v2.32\pic\sources\c99\common\__fpclassifyf.c
		___fpclassifyf 		CODE           	4FC6	0000	254

C:\Program Files\Microchip\xc8\v2.32\pic\sources\c99\common\__fpclassifyf.c estimated size: 254

C:\Program Files\Microchip\xc8\v2.32\pic\sources\c99\common\isupper.c
		_isupper       		CODE           	5BD2	0000	56

C:\Program Files\Microchip\xc8\v2.32\pic\sources\c99\common\isupper.c estimated size: 56

C:\Program Files\Microchip\xc8\v2.32\pic\sources\c99\common\Umul16.c
		___wmul        		CODE           	5CE4	0000	38

C:\Program Files\Microchip\xc8\v2.32\pic\sources\c99\common\Umul16.c estimated size: 38

C:\Program Files\Microchip\xc8\v2.32\pic\sources\c99\common\isspace.c
		_isspace       		CODE           	5A6E	0000	82

C:\Program Files\Microchip\xc8\v2.32\pic\sources\c99\common\isspace.c estimated size: 82

C:\Program Files\Microchip\xc8\v2.32\pic\sources\c99\common\strncmp.c
		_strncmp       		CODE           	50C4	0000	226

C:\Program Files\Microchip\xc8\v2.32\pic\sources\c99\common\strncmp.c estimated size: 226

C:\Program Files\Microchip\xc8\v2.32\pic\sources\c99\common\tolower.c
		_tolower       		CODE           	595C	0000	96

C:\Program Files\Microchip\xc8\v2.32\pic\sources\c99\common\tolower.c estimated size: 96

shared
		_atanhi        		SMALLCONST     	1025	0000	16
		__initialization		CODE           	5898	0000	88
		_pi            		SMALLCONST     	0000	0000	0
		_aT            		SMALLCONST     	1001	0000	20
		_pi_lo         		SMALLCONST     	0000	0000	0
		_atanlo        		SMALLCONST     	1015	0000	16

shared estimated size: 140

C:\Program Files\Microchip\xc8\v2.32\pic\sources\c99\common\sprcmul.c
		___flmul       		CODE           	3C7C	0000	1068

C:\Program Files\Microchip\xc8\v2.32\pic\sources\c99\common\sprcmul.c estimated size: 1068

C:\Program Files\Microchip\xc8\v2.32\pic\sources\c99\common\awmod.c
		___awmod       		CODE           	53F6	0000	176

C:\Program Files\Microchip\xc8\v2.32\pic\sources\c99\common\awmod.c estimated size: 176

C:\Program Files\Microchip\xc8\v2.32\pic\sources\c99\common\sprcdiv.c
		___fldiv       		CODE           	40A8	0000	924

C:\Program Files\Microchip\xc8\v2.32\pic\sources\c99\common\sprcdiv.c estimated size: 924

C:\Program Files\Microchip\xc8\v2.32\pic\sources\c99\common\Umul32.c
		___lmul        		CODE           	582E	0000	106

C:\Program Files\Microchip\xc8\v2.32\pic\sources\c99\common\Umul32.c estimated size: 106

C:\Program Files\Microchip\xc8\v2.32\pic\sources\c99\common\fltol.c
		___fltol       		CODE           	4DBA	0000	262

C:\Program Files\Microchip\xc8\v2.32\pic\sources\c99\common\fltol.c estimated size: 262

Le_Jason_Project.c
		_UART_Write_String		CODE           	5B92	0000	64
		_CCP4handler   		CODE           	49B2	0000	370
		_Servo1        		CODE           	55F4	0000	164
		_map           		CODE           	573C	0000	132
		_I2C_Master_Wait		CODE           	5D0A	0000	38
		_I2C_Master_Stop		CODE           	5DAC	0000	8
		_main          		CODE           	58FA	0000	98
		_TMR1handler   		CODE           	5DBA	0000	6
		_Initial       		CODE           	4C94	0000	294
		_Servo2        		CODE           	5550	0000	164
		_MPU6050_Read  		CODE           	2C9A	0000	1668
		_TMR3handler   		CODE           	5DB4	0000	6
		_I2C_Read      		CODE           	5B08	0000	70
		_HiPriISR      		CODE           	0008	0000	10
		_LoPriISR      		CODE           	0018	0000	138
		_I2C_ACK       		CODE           	5D78	0000	20
		_I2C_Master_Write		CODE           	5D30	0000	30
		_UART_Write    		CODE           	5D4E	0000	22
		_CCP1handler   		CODE           	4B24	0000	368
		_I2C_NACK      		CODE           	5D64	0000	20
		_I2C_Start     		CODE           	5D8C	0000	16

Le_Jason_Project.c estimated size: 3706

C:\Program Files\Microchip\xc8\v2.32\pic\sources\c99\common\xxtofl.c
		___xxtofl      		CODE           	465A	0000	436

C:\Program Files\Microchip\xc8\v2.32\pic\sources\c99\common\xxtofl.c estimated size: 436

C:\Program Files\Microchip\xc8\v2.32\pic\sources\c99\common\nf_fputc.c
		_fputc         		CODE           	51A6	0000	202

C:\Program Files\Microchip\xc8\v2.32\pic\sources\c99\common\nf_fputc.c estimated size: 202

C:\Program Files\Microchip\xc8\v2.32\pic\sources\c99\common\__lldiv.c
		___lldiv       		CODE           	5698	0000	164

C:\Program Files\Microchip\xc8\v2.32\pic\sources\c99\common\__lldiv.c estimated size: 164

C:\Program Files\Microchip\xc8\v2.32\pic\sources\c99\common\strlen.c
		_strlen        		CODE           	5C7A	0000	54

C:\Program Files\Microchip\xc8\v2.32\pic\sources\c99\common\strlen.c estimated size: 54

C:\Program Files\Microchip\xc8\v2.32\pic\sources\c99\common\flge.c
		___flge        		CODE           	4EC0	0000	262

C:\Program Files\Microchip\xc8\v2.32\pic\sources\c99\common\flge.c estimated size: 262

C:\Program Files\Microchip\xc8\v2.32\pic\sources\c99\common\floorf.c
		_floorf        		CODE           	4444	0000	534

C:\Program Files\Microchip\xc8\v2.32\pic\sources\c99\common\floorf.c estimated size: 534

C:\Program Files\Microchip\xc8\v2.32\pic\sources\c99\common\strcpy.c
		_strcpy        		CODE           	59BC	0000	94

C:\Program Files\Microchip\xc8\v2.32\pic\sources\c99\common\strcpy.c estimated size: 94

