Microchip MPLAB XC8 Compiler V2.32

Linker command line:

-W-3 --edf=C:\Program Files\Microchip\xc8\v2.32\pic\dat\en_msgs.txt -cn \
  -h+dist/default/production\ASEN4067Project.X.production.sym \
  --cmf=dist/default/production\ASEN4067Project.X.production.cmf -z \
  -Q18F87K22 -oC:\Users\spong\AppData\Local\Temp\xcAsmrg.4 \
  --defsym=__MPLAB_BUILD=1 \
  -Mdist/default/production/ASEN4067Project.X.production.map -E1 \
  -ver=XC8 Compiler --acfsm=1493 -ASTACK=0250h-0F15h -pstack=STACK \
  -ACODE=00h-01FFFFh -ACONST=00h-01FFFFh -ASMALLCONST=01000h-010FFhx496 \
  -AMEDIUMCONST=01000h-0FFFFh,011000h-01FFFFh -ACOMRAM=01h-05Fh \
  -AABS1=00h-0F15h -ABIGRAM=01h-0F15h \
  -ARAM=060h-0FFh,0100h-01FFhx14,0F00h-0F15h -ABANK0=060h-0FFh \
  -ABANK1=0100h-01FFh -ABANK2=0200h-02FFh -ABANK3=0300h-03FFh \
  -ABANK4=0400h-04FFh -ABANK5=0500h-05FFh -ABANK6=0600h-06FFh \
  -ABANK7=0700h-07FFh -ABANK8=0800h-08FFh -ABANK9=0900h-09FFh \
  -ABANK10=0A00h-0AFFh -ABANK11=0B00h-0BFFh -ABANK12=0C00h-0CFFh \
  -ABANK13=0D00h-0DFFh -ABANK14=0E00h-0EFFh -ABANK15=0F00h-0F15h \
  -ASFR=0F16h-0F5Fh,0F60h-0FFFh -ACONFIG=0300000h-030000Dh \
  -AIDLOC=0200000h-0200007h -AEEDATA=0F00000h-0F003FFh -peeprom_data=EEDATA \
  -preset_vec=00h,intcode=08h,intcodelo=018h,powerup,init -pramtop=01000h \
  -psmallconst=SMALLCONST -pmediumconst=MEDIUMCONST -pconst=CONST \
  -AFARRAM=00h-00h \
  -prdata=COMRAM,nvrram=COMRAM,nvbit=COMRAM,rbss=COMRAM,rbit=COMRAM \
  -pfarbss=FARRAM,fardata=FARRAM,nvFARRAM=FARRAM \
  -pintsave_regs=BIGRAM,bigbss=BIGRAM,bigdata=BIGRAM -pbss=RAM \
  -pidata=CODE,irdata=CODE,ibigdata=CODE,ifardata=CODE -prparam=COMRAM \
  C:\Users\spong\AppData\Local\Temp\xcAsmrg.o \
  dist/default/production\ASEN4067Project.X.production.o 

Object code version is 3.11

Machine type is 18F87K22



                Name                               Link     Load   Length Selector   Space Scale
C:\Users\spong\AppData\Local\Temp\xcAsmrg.o
                idloc                            200000   200000        8        0       5
                config                           300000   300000        E        0       4
                init                                 A2       A2        4        C       0
                reset_vec                             0        0        4        0       0
dist/default/production\ASEN4067Project.X.production.o
                intcodelo                            18       18       8A        C       0
                intcode                               8        8        6        4       0
                idloc                            200000   200000        8        0       5
                config                           300000   300000        E        0       4
                temp                                 4C       4C        1        1       1
                smallconst                         1000     1000       DA      800       0
                intcode_body                       638C     638C        4      86D       0
                text54                             4F4A     4F4A      17E      86D       0
                text53                             50C8     50C8      172      86D       0
                text52                             634A     634A       14      86D       0
                text51                             6386     6386        6      86D       0
                text49                             62C8     62C8       26      86D       0
                text48                             637E     637E        8      86D       0
                text47                             62EE     62EE       1E      86D       0
                text46                             635E     635E       10      86D       0
                text45                             523A     523A      126      86D       0
                text44                             6336     6336       14      86D       0
                text43                             6322     6322       14      86D       0
                text42                             60C4     60C4       46      86D       0
                text41                             5C44     5C44       A4      86D       0
                text40                             5E48     5E48       6A      86D       0
                text39                             5CE8     5CE8       84      86D       0
                text38                             5B9E     5B9E       A6      86D       0
                text37                             5AF8     5AF8       A6      86D       0
                text36                             630C     630C       16      86D       0
                text35                             614E     614E       40      86D       0
                text34                             4BF2     4BF2      1B4      86D       0
                text33                             4640     4640      39C      86D       0
                text32                             4214     4214      42C      86D       0
                text31                             61FE     61FE       38      86D       0
                text30                             38AE     38AE      4C2      86D       0
                text29                             607C     607C       48      86D       0
                text28                             556E     556E       FE      86D       0
                text27                             626C     626C       36      86D       0
                text26                             28F8     28F8      850      86D       0
                text25                             3148     3148      766      86D       0
                text24                             62A2     62A2       26      86D       0
                text23                             61C6     61C6       38      86D       0
                text22                             602A     602A       52      86D       0
                text21                             4DA6     4DA6      1A4      86D       0
                text20                             5818     5818       C4      86D       0
                text19                             599E     599E       B0      86D       0
                text18                             5A4E     5A4E       AA      86D       0
                text17                             5468     5468      106      86D       0
                text16                             5360     5360      108      86D       0
                text15                             49DC     49DC      216      86D       0
                text14                             6390     6390        2      86D       0
                text13                             574E     574E       CA      86D       0
                text12                             610A     610A       44      86D       0
                text11                             6236     6236       36      86D       0
                text10                             58DC     58DC       C2      86D       0
                text9                              5F78     5F78       5E      86D       0
                text8                              618E     618E       38      86D       0
                text7                              5F18     5F18       60      86D       0
                text6                              10DA     10DA      C60      86D       0
                text5                              566C     566C       E2      86D       0
                text4                              3D70     3D70      4A4      86D       0
                text3                              5DDA     5DDA       6E      86D       0
                text2                              5FD6     5FD6       54      86D       0
                text1                              1D3A     1D3A      BBE      86D       0
                text0                              5EB2     5EB2       66      86D       0
                cstackCOMRAM                          1        1       37        1       1
                cstackBANK0                          60       60       9E       60       1
                cstackBANK1                         100      100       A2      100       1
                bssBANK2                            200      200       50      200       1
                dataBANK1                           1C8      1C8        8      100       1
                bssBANK1                            1A2      1A2       26      100       1
                dataCOMRAM                           43       43        8        1       1
                bssCOMRAM                            38       38        B        1       1
                cinit                              5D6C     5D6C       6E      86D       0
                nvBANK0                              FE       FE        1       60       1
                nvCOMRAM                             4B       4B        1        1       1
                idataBANK1                         6376     6376        8      86D       0
                idataCOMRAM                        636E     636E        8      86D       0

TOTAL           Name                               Link     Load   Length     Space
        CLASS   STACK          

        CLASS   CODE           
                intcodelo                            18       18       8A         0
                intcode                               8        8        6         0
                init                                 A2       A2        4         0
                reset_vec                             0        0        4         0
                intcode_body                       638C     638C        4         0
                text54                             4F4A     4F4A      17E         0
                text53                             50C8     50C8      172         0
                text52                             634A     634A       14         0
                text51                             6386     6386        6         0
                text49                             62C8     62C8       26         0
                text48                             637E     637E        8         0
                text47                             62EE     62EE       1E         0
                text46                             635E     635E       10         0
                text45                             523A     523A      126         0
                text44                             6336     6336       14         0
                text43                             6322     6322       14         0
                text42                             60C4     60C4       46         0
                text41                             5C44     5C44       A4         0
                text40                             5E48     5E48       6A         0
                text39                             5CE8     5CE8       84         0
                text38                             5B9E     5B9E       A6         0
                text37                             5AF8     5AF8       A6         0
                text36                             630C     630C       16         0
                text35                             614E     614E       40         0
                text34                             4BF2     4BF2      1B4         0
                text33                             4640     4640      39C         0
                text32                             4214     4214      42C         0
                text31                             61FE     61FE       38         0
                text30                             38AE     38AE      4C2         0
                text29                             607C     607C       48         0
                text28                             556E     556E       FE         0
                text27                             626C     626C       36         0
                text26                             28F8     28F8      850         0
                text25                             3148     3148      766         0
                text24                             62A2     62A2       26         0
                text23                             61C6     61C6       38         0
                text22                             602A     602A       52         0
                text21                             4DA6     4DA6      1A4         0
                text20                             5818     5818       C4         0
                text19                             599E     599E       B0         0
                text18                             5A4E     5A4E       AA         0
                text17                             5468     5468      106         0
                text16                             5360     5360      108         0
                text15                             49DC     49DC      216         0
                text14                             6390     6390        2         0
                text13                             574E     574E       CA         0
                text12                             610A     610A       44         0
                text11                             6236     6236       36         0
                text10                             58DC     58DC       C2         0
                text9                              5F78     5F78       5E         0
                text8                              618E     618E       38         0
                text7                              5F18     5F18       60         0
                text6                              10DA     10DA      C60         0
                text5                              566C     566C       E2         0
                text4                              3D70     3D70      4A4         0
                text3                              5DDA     5DDA       6E         0
                text2                              5FD6     5FD6       54         0
                text1                              1D3A     1D3A      BBE         0
                text0                              5EB2     5EB2       66         0
                cinit                              5D6C     5D6C       6E         0
                idataBANK1                         6376     6376        8         0
                idataCOMRAM                        636E     636E        8         0

        CLASS   CONST          

        CLASS   SMALLCONST     
                smallconst                         1000     1000       DA         0

        CLASS   MEDIUMCONST    

        CLASS   COMRAM         
                temp                                 4C       4C        1         1
                cstackCOMRAM                          1        1       37         1
                dataCOMRAM                           43       43        8         1
                bssCOMRAM                            38       38        B         1
                nvCOMRAM                             4B       4B        1         1

        CLASS   ABS1           

        CLASS   BIGRAM         

        CLASS   RAM            

        CLASS   BANK0          
                cstackBANK0                          60       60       9E         1
                nvBANK0                              FE       FE        1         1

        CLASS   BANK1          
                cstackBANK1                         100      100       A2         1
                dataBANK1                           1C8      1C8        8         1
                bssBANK1                            1A2      1A2       26         1

        CLASS   BANK2          
                bssBANK2                            200      200       50         1

        CLASS   BANK3          

        CLASS   BANK4          

        CLASS   BANK5          

        CLASS   BANK6          

        CLASS   BANK7          

        CLASS   BANK8          

        CLASS   BANK9          

        CLASS   BANK10         

        CLASS   BANK11         

        CLASS   BANK12         

        CLASS   BANK13         

        CLASS   BANK14         

        CLASS   BANK15         

        CLASS   SFR            

        CLASS   CONFIG         
                config                           300000   300000        E         4

        CLASS   IDLOC          
                idloc                            200000   200000        8         5

        CLASS   EEDATA         

        CLASS   FARRAM         



SEGMENTS        Name                           Load    Length   Top    Selector   Space  Class

                reset_vec                      000000  000004  000004         0       0  CODE    
                cstackCOMRAM                   000001  00004C  00004D         1       1  COMRAM  
                intcode                        000008  000006  00000E         4       0  CODE    
                intcodelo                      000018  00008E  0000A6         C       0  CODE    
                cstackBANK0                    000060  00009F  0000FF        60       1  BANK0   
                cstackBANK1                    000100  0000D0  0001D0       100       1  BANK1   
                bssBANK2                       000200  000050  000250       200       1  BANK2   
                smallconst                     001000  0000DA  0010DA       800       0  SMALLCON
                text6                          0010DA  0052B8  006392       86D       0  CODE    


UNUSED ADDRESS RANGES

        Name                Unused          Largest block    Delta
        BANK0            0000FF-0000FF                1
        BANK1            0001D0-0001FF               30
        BANK10           000A00-000AFF              100
        BANK11           000B00-000BFF              100
        BANK12           000C00-000CFF              100
        BANK13           000D00-000DFF              100
        BANK14           000E00-000EFF              100
        BANK15           000F00-000F15               16
        BANK2            000250-0002FF               B0
        BANK3            000300-0003FF              100
        BANK4            000400-0004FF              100
        BANK5            000500-0005FF              100
        BANK6            000600-0006FF              100
        BANK7            000700-0007FF              100
        BANK8            000800-0008FF              100
        BANK9            000900-0009FF              100
        BIGRAM           00004D-00005F               13
                         0000FF-0000FF                1
                         0001D0-0001FF               30
                         000250-000F15              CC6
        CODE             000004-000007                4
                         00000E-000017                A
                         0000A6-000FFF              F5A
                         006392-01FFFF            19C6E
        COMRAM           00004D-00005F               13
        CONST            000004-000007                4
                         00000E-000017                A
                         0000A6-000FFF              F5A
                         006392-01FFFF            19C6E
        EEDATA           F00000-F003FF              400
        MEDIUMCONST      006392-00FFFF             9C6E
                         011000-01FFFF             F000
        RAM              0000FF-0000FF                1
                         0001D0-0001FF               30
                         000250-000F15              100
        SFR              000F16-000FFF               4A
        SMALLCONST       006392-01FFFF              100
        STACK            000250-000F15              CC6

                                  Symbol Table

?___awdiv                   cstackCOMRAM 000014
?___awmod                   cstackCOMRAM 000014
?___fladd                   cstackCOMRAM 00002E
?___fldiv                   cstackBANK0  00007D
?___flmul                   cstackCOMRAM 000022
?___flneg                   cstackCOMRAM 000014
?___flsub                   cstackBANK0  000075
?___fltol                   cstackBANK0  00007D
?___fpclassifyf             cstackCOMRAM 000014
?___lldiv                   cstackCOMRAM 000014
?___lmul                    cstackCOMRAM 000014
?___wmul                    cstackCOMRAM 000014
?___xxtofl                  cstackCOMRAM 000014
?_atan2f                    cstackBANK0  0000D8
?_atanf                     cstackBANK0  00009E
?_atoi                      cstackCOMRAM 00001B
?_efgtoa                    cstackBANK0  0000AA
?_fabsf                     cstackBANK0  000096
?_floorf                    cstackBANK0  000096
?_isdigit                   cstackCOMRAM 000014
?_isspace                   cstackCOMRAM 000014
?_isupper                   cstackCOMRAM 000014
?_map                       cstackCOMRAM 000021
?_pad                       cstackCOMRAM 000024
?_sprintf                   cstackBANK1  00010E
?_strlen                    cstackCOMRAM 000014
?_strncmp                   cstackCOMRAM 000014
?_tolower                   cstackCOMRAM 00001A
?_vfpfcnvrt                 cstackBANK0  0000EE
?_vfprintf                  cstackBANK0  0000F8
CCP1handler@CCPRT           cstackCOMRAM 00000D
CCP4handler@CCPRT           cstackCOMRAM 00000D
I2C_Master_Write@data       cstackCOMRAM 000015
I2C_Read@ACK_NACK           cstackCOMRAM 000014
I2C_Read@Data               cstackCOMRAM 000015
I2C_Start@add               cstackCOMRAM 000016
MPU6050_Read@AX             cstackBANK1  00016E
MPU6050_Read@AY             cstackBANK1  000172
MPU6050_Read@AZ             cstackBANK1  00014C
MPU6050_Read@Ax             cstackBANK1  000160
MPU6050_Read@Ay             cstackBANK1  000162
MPU6050_Read@Az             cstackBANK1  000164
MPU6050_Read@GX             cstackBANK1  000150
MPU6050_Read@GZ             cstackBANK1  000154
MPU6050_Read@Gx             cstackBANK1  000166
MPU6050_Read@Gy             cstackBANK1  000168
MPU6050_Read@Gz             cstackBANK1  00016A
MPU6050_Read@T              cstackBANK1  00016C
MPU6050_Read@accAngleX      cstackBANK1  000196
MPU6050_Read@accAngleY      cstackBANK1  00019A
MPU6050_Read@buffer         cstackBANK1  000124
MPU6050_Read@elapsedTime    cstackBANK1  00017E
MPU6050_Read@pitch          cstackBANK1  00017A
MPU6050_Read@roll           cstackBANK1  000176
Servo1@angle                cstackBANK0  000085
Servo1@temp                 cstackBANK0  00008F
Servo2@angle                cstackBANK0  000085
Servo2@temp                 cstackBANK0  00008F
UART_Write@data             cstackCOMRAM 000014
UART_Write_String@buf       cstackCOMRAM 000015
UART_Write_String@i         cstackCOMRAM 000017
_BAUDCON1bits               (abs)        000F65
_BSR                        (abs)        000FE0
_BSR_temp                   bssCOMRAM    00003E
_CCP1CON                    (abs)        000FBB
_CCP1handler                text54       004F4A
_CCP4CON                    (abs)        000F77
_CCP4handler                text53       0050C8
_CCPR1H                     (abs)        000FBD
_CCPR1L                     (abs)        000FBC
_CCPR1X                     nvCOMRAM     00004B
_CCPR4H                     (abs)        000F79
_CCPR4L                     (abs)        000F78
_CCPR4X                     nvBANK0      0000FE
_CCPTMRS0                   (abs)        000F2D
_CCPTMRS1                   (abs)        000F2C
_CurrentTime                bssBANK1     0001B6
_GyroAngleX                 bssBANK1     0001C4
_GyroAngleY                 bssBANK1     0001C0
_HiPriISR                   intcode      000008
_I2C_ACK                    text44       006336
_I2C_Master_Stop            text48       00637E
_I2C_Master_Wait            text49       0062C8
_I2C_Master_Write           text47       0062EE
_I2C_NACK                   text43       006322
_I2C_Read                   text42       0060C4
_I2C_Start                  text46       00635E
_INTCONbits                 (abs)        000FF2
_IPR1bits                   (abs)        000F9F
_IPR2bits                   (abs)        000FA2
_IPR3bits                   (abs)        000FA5
_IPR4bits                   (abs)        000FB8
_Initial                    text45       00523A
_LATC                       (abs)        000F8B
_LATD                       (abs)        000F8C
_LATDbits                   (abs)        000F8C
_LATE                       (abs)        000F8D
_LATEbits                   (abs)        000F8D
_LoPriISR                   intcodelo    000018
_MPU6050_Read               text1        001D3A
_MPU6050_Read$2611          cstackBANK1  000158
_MPU6050_Read$2612          cstackBANK1  00015C
_MPU6050_Read$2613          cstackBANK1  000182
_MPU6050_Read$2614          cstackBANK1  000186
_MPU6050_Read$2615          cstackBANK1  00018A
_MPU6050_Read$2616          cstackBANK1  00018E
_MPU6050_Read$2617          cstackBANK1  000192
_PIE1bits                   (abs)        000F9D
_PIE2bits                   (abs)        000FA0
_PIE3bits                   (abs)        000FA3
_PIE4bits                   (abs)        000FB6
_PIR1bits                   (abs)        000F9E
_PIR2bits                   (abs)        000FA1
_PIR3bits                   (abs)        000FA4
_PIR4bits                   (abs)        000FB7
_RCONbits                   (abs)        000FD0
_RCSTA1bits                 (abs)        000FAB
_SPBRG1                     (abs)        000FAF
_SPBRGH1                    (abs)        000FD4
_SSP1ADD                    (abs)        000FC8
_SSP1BUF                    (abs)        000FC9
_SSP1CON1                   (abs)        000FC6
_SSP1CON2                   (abs)        000FC5
_SSP1CON2bits               (abs)        000FC5
_SSP1STAT                   (abs)        000FC7
_SSP1STATbits               (abs)        000FC7
_STATUS                     (abs)        000FD8
_Servo1                     text38       005B9E
_Servo1_off                 dataBANK1    0001CC
_Servo1_on                  dataCOMRAM   000047
_Servo2                     text37       005AF8
_Servo2_off                 dataBANK1    0001C8
_Servo2_on                  dataCOMRAM   000043
_Status_temp                bssCOMRAM    000040
_T0CONbits                  (abs)        000FD5
_T1CON                      (abs)        000FCD
_T1CONbits                  (abs)        000FCD
_T3CON                      (abs)        000FB1
_T3CONbits                  (abs)        000FB1
_TMR1H                      (abs)        000FCF
_TMR1L                      (abs)        000FCE
_TMR1X                      bssCOMRAM    000042
_TMR1handler                text52       00634A
_TMR3X                      bssCOMRAM    000041
_TMR3handler                text51       006386
_TRISC                      (abs)        000F94
_TRISCbits                  (abs)        000F94
_TRISD                      (abs)        000F95
_TRISE                      (abs)        000F96
_TXREG1                     (abs)        000FAD
_TXSTA1bits                 (abs)        000FAC
_UART_Write                 text36       00630C
_UART_Write_String          text35       00614E
_WREG                       (abs)        000FE8
_Wreg_temp                  bssCOMRAM    00003F
__HRAM                      (abs)        000000
__Habs1                     abs1         000000
__Hbank0                    bank0        000000
__Hbank1                    bank1        000000
__Hbank10                   bank10       000000
__Hbank11                   bank11       000000
__Hbank12                   bank12       000000
__Hbank13                   bank13       000000
__Hbank14                   bank14       000000
__Hbank15                   bank15       000000
__Hbank2                    bank2        000000
__Hbank3                    bank3        000000
__Hbank4                    bank4        000000
__Hbank5                    bank5        000000
__Hbank6                    bank6        000000
__Hbank7                    bank7        000000
__Hbank8                    bank8        000000
__Hbank9                    bank9        000000
__Hbigbss                   bigbss       000000
__Hbigdata                  bigdata      000000
__Hbigram                   bigram       000000
__Hbss                      bss          000000
__HbssBANK1                 bssBANK1     000000
__HbssBANK2                 bssBANK2     000000
__HbssCOMRAM                bssCOMRAM    000000
__Hcinit                    cinit        000000
__Hclrtext                  clrtext      000000
__Hcomram                   comram       000000
__Hconfig                   config       30000E
__Hconst                    const        000000
__HcstackBANK0              cstackBANK0  000000
__HcstackBANK1              cstackBANK1  000000
__HcstackCOMRAM             cstackCOMRAM 000000
__Hdata                     data         000000
__HdataBANK1                dataBANK1    000000
__HdataCOMRAM               dataCOMRAM   000000
__Heeprom_data              eeprom_data  000000
__Hfarbss                   farbss       000000
__Hfardata                  fardata      000000
__Hibigdata                 ibigdata     000000
__Hidata                    idata        000000
__HidataBANK1               idataBANK1   000000
__HidataCOMRAM              idataCOMRAM  000000
__Hidloc                    idloc        200008
__Hifardata                 ifardata     000000
__Hinit                     init         0000A6
__Hintcode                  intcode      00000E
__Hintcode_body             intcode_body 000000
__Hintcodelo                intcodelo    0000A2
__Hintentry                 intentry     000000
__Hintret                   intret       000000
__Hintsave_regs             intsave_regs 000000
__Hirdata                   irdata       000000
__Hmediumconst              mediumconst  000000
__HnvBANK0                  nvBANK0      000000
__HnvCOMRAM                 nvCOMRAM     000000
__HnvFARRAM                 nvFARRAM     000000
__Hnvbit                    nvbit        000000
__Hnvrram                   nvrram       000000
__Hparam                    rparam       000000
__Hpowerup                  powerup      0000A2
__Hram                      ram          000000
__Hramtop                   ramtop       001000
__Hrbit                     rbit         000000
__Hrbss                     rbss         000000
__Hrdata                    rdata        000000
__Hreset_vec                reset_vec    000004
__Hrparam                   rparam       000000
__Hsfr                      sfr          000000
__Hsmallconst               smallconst   0010DA
__Hspace_0                  (abs)        006392
__Hspace_1                  (abs)        000250
__Hspace_2                  (abs)        000000
__Hspace_4                  (abs)        60000E
__Hstack                    stack        000000
__Hstruct                   struct       000000
__Htemp                     temp         00004D
__Htext                     text         000000
__Htext0                    text0        000000
__Htext1                    text1        000000
__Htext10                   text10       000000
__Htext11                   text11       000000
__Htext12                   text12       000000
__Htext13                   text13       000000
__Htext14                   text14       000000
__Htext15                   text15       000000
__Htext16                   text16       000000
__Htext17                   text17       000000
__Htext18                   text18       000000
__Htext19                   text19       000000
__Htext2                    text2        000000
__Htext20                   text20       000000
__Htext21                   text21       000000
__Htext22                   text22       000000
__Htext23                   text23       000000
__Htext24                   text24       000000
__Htext25                   text25       000000
__Htext26                   text26       000000
__Htext27                   text27       000000
__Htext28                   text28       000000
__Htext29                   text29       000000
__Htext3                    text3        000000
__Htext30                   text30       000000
__Htext31                   text31       000000
__Htext32                   text32       000000
__Htext33                   text33       000000
__Htext34                   text34       000000
__Htext35                   text35       000000
__Htext36                   text36       000000
__Htext37                   text37       000000
__Htext38                   text38       000000
__Htext39                   text39       000000
__Htext4                    text4        000000
__Htext40                   text40       000000
__Htext41                   text41       000000
__Htext42                   text42       000000
__Htext43                   text43       000000
__Htext44                   text44       000000
__Htext45                   text45       000000
__Htext46                   text46       000000
__Htext47                   text47       000000
__Htext48                   text48       000000
__Htext49                   text49       000000
__Htext5                    text5        000000
__Htext51                   text51       000000
__Htext52                   text52       000000
__Htext53                   text53       000000
__Htext54                   text54       000000
__Htext6                    text6        000000
__Htext7                    text7        000000
__Htext8                    text8        000000
__Htext9                    text9        000000
__LRAM                      (abs)        000001
__Labs1                     abs1         000000
__Lbank0                    bank0        000000
__Lbank1                    bank1        000000
__Lbank10                   bank10       000000
__Lbank11                   bank11       000000
__Lbank12                   bank12       000000
__Lbank13                   bank13       000000
__Lbank14                   bank14       000000
__Lbank15                   bank15       000000
__Lbank2                    bank2        000000
__Lbank3                    bank3        000000
__Lbank4                    bank4        000000
__Lbank5                    bank5        000000
__Lbank6                    bank6        000000
__Lbank7                    bank7        000000
__Lbank8                    bank8        000000
__Lbank9                    bank9        000000
__Lbigbss                   bigbss       000000
__Lbigdata                  bigdata      000000
__Lbigram                   bigram       000000
__Lbss                      bss          000000
__LbssBANK1                 bssBANK1     000000
__LbssBANK2                 bssBANK2     000000
__LbssCOMRAM                bssCOMRAM    000000
__Lcinit                    cinit        000000
__Lclrtext                  clrtext      000000
__Lcomram                   comram       000000
__Lconfig                   config       000000
__Lconst                    const        000000
__LcstackBANK0              cstackBANK0  000000
__LcstackBANK1              cstackBANK1  000000
__LcstackCOMRAM             cstackCOMRAM 000000
__Ldata                     data         000000
__LdataBANK1                dataBANK1    000000
__LdataCOMRAM               dataCOMRAM   000000
__Leeprom_data              eeprom_data  000000
__Lfarbss                   farbss       000000
__Lfardata                  fardata      000000
__Libigdata                 ibigdata     000000
__Lidata                    idata        000000
__LidataBANK1               idataBANK1   000000
__LidataCOMRAM              idataCOMRAM  000000
__Lidloc                    idloc        000000
__Lifardata                 ifardata     000000
__Linit                     init         0000A2
__Lintcode                  intcode      000008
__Lintcode_body             intcode_body 000000
__Lintcodelo                intcodelo    000018
__Lintentry                 intentry     000000
__Lintret                   intret       000000
__Lintsave_regs             intsave_regs 000000
__Lirdata                   irdata       000000
__Lmediumconst              mediumconst  000000
__LnvBANK0                  nvBANK0      000000
__LnvCOMRAM                 nvCOMRAM     000000
__LnvFARRAM                 nvFARRAM     000000
__Lnvbit                    nvbit        000000
__Lnvrram                   nvrram       000000
__Lparam                    rparam       000000
__Lpowerup                  powerup      0000A2
__Lram                      ram          000000
__Lramtop                   ramtop       001000
__Lrbit                     rbit         000000
__Lrbss                     rbss         000000
__Lrdata                    rdata        000000
__Lreset_vec                reset_vec    000000
__Lrparam                   rparam       000000
__Lsfr                      sfr          000000
__Lsmallconst               smallconst   001000
__Lspace_0                  (abs)        000000
__Lspace_1                  (abs)        000000
__Lspace_2                  (abs)        000000
__Lspace_4                  (abs)        000000
__Lstack                    stack        000000
__Lstruct                   struct       000000
__Ltemp                     temp         00004C
__Ltext                     text         000000
__Ltext0                    text0        000000
__Ltext1                    text1        000000
__Ltext10                   text10       000000
__Ltext11                   text11       000000
__Ltext12                   text12       000000
__Ltext13                   text13       000000
__Ltext14                   text14       000000
__Ltext15                   text15       000000
__Ltext16                   text16       000000
__Ltext17                   text17       000000
__Ltext18                   text18       000000
__Ltext19                   text19       000000
__Ltext2                    text2        000000
__Ltext20                   text20       000000
__Ltext21                   text21       000000
__Ltext22                   text22       000000
__Ltext23                   text23       000000
__Ltext24                   text24       000000
__Ltext25                   text25       000000
__Ltext26                   text26       000000
__Ltext27                   text27       000000
__Ltext28                   text28       000000
__Ltext29                   text29       000000
__Ltext3                    text3        000000
__Ltext30                   text30       000000
__Ltext31                   text31       000000
__Ltext32                   text32       000000
__Ltext33                   text33       000000
__Ltext34                   text34       000000
__Ltext35                   text35       000000
__Ltext36                   text36       000000
__Ltext37                   text37       000000
__Ltext38                   text38       000000
__Ltext39                   text39       000000
__Ltext4                    text4        000000
__Ltext40                   text40       000000
__Ltext41                   text41       000000
__Ltext42                   text42       000000
__Ltext43                   text43       000000
__Ltext44                   text44       000000
__Ltext45                   text45       000000
__Ltext46                   text46       000000
__Ltext47                   text47       000000
__Ltext48                   text48       000000
__Ltext49                   text49       000000
__Ltext5                    text5        000000
__Ltext51                   text51       000000
__Ltext52                   text52       000000
__Ltext53                   text53       000000
__Ltext54                   text54       000000
__Ltext6                    text6        000000
__Ltext7                    text7        000000
__Ltext8                    text8        000000
__Ltext9                    text9        000000
__S0                        (abs)        006392
__S1                        (abs)        000250
__S2                        (abs)        000000
__S4                        (abs)        000000
__S5                        (abs)        000000
___awdiv                    text20       005818
___awdiv@counter            cstackCOMRAM 000018
___awdiv@dividend           cstackCOMRAM 000014
___awdiv@divisor            cstackCOMRAM 000016
___awdiv@quotient           cstackCOMRAM 00001A
___awdiv@sign               cstackCOMRAM 000019
___awmod                    text19       00599E
___awmod@counter            cstackCOMRAM 000018
___awmod@dividend           cstackCOMRAM 000014
___awmod@divisor            cstackCOMRAM 000016
___awmod@sign               cstackCOMRAM 000019
___extmem_base              (abs)        020000
___fladd                    text30       0038AE
___fladd@a                  cstackCOMRAM 000032
___fladd@aexp               cstackBANK0  000072
___fladd@b                  cstackCOMRAM 00002E
___fladd@bexp               cstackBANK0  000073
___fladd@grs                cstackBANK0  000074
___fladd@signs              cstackBANK0  000071
___fldiv                    text33       004640
___fldiv@a                  cstackBANK0  000081
___fldiv@aexp               cstackBANK0  000095
___fldiv@b                  cstackBANK0  00007D
___fldiv@bexp               cstackBANK0  000094
___fldiv@grs                cstackBANK0  000090
___fldiv@new_exp            cstackBANK0  00008E
___fldiv@rem                cstackBANK0  000089
___fldiv@sign               cstackBANK0  00008D
___fleq                     text18       005A4E
___fleq@ff1                 cstackCOMRAM 000014
___fleq@ff2                 cstackCOMRAM 000018
___flge                     text17       005468
___flge@ff1                 cstackCOMRAM 00002E
___flge@ff2                 cstackCOMRAM 000032
___flmul                    text32       004214
___flmul@a                  cstackCOMRAM 000026
___flmul@aexp               cstackBANK0  000061
___flmul@b                  cstackCOMRAM 000022
___flmul@bexp               cstackBANK0  000066
___flmul@grs                cstackBANK0  000062
___flmul@prod               cstackBANK0  000067
___flmul@sign               cstackBANK0  000060
___flmul@temp               cstackBANK0  00006B
___flneg                    text31       0061FE
___flneg@f1                 cstackCOMRAM 000014
___flsub                    text29       00607C
___flsub@a                  cstackBANK0  000079
___flsub@b                  cstackBANK0  000075
___fltol                    text16       005360
___fltol@exp1               cstackCOMRAM 000037
___fltol@f1                 cstackBANK0  00007D
___fltol@sign1              cstackCOMRAM 000036
___fpclassifyf              text28       00556E
___fpclassifyf@F465         bssBANK1     0001AA
___fpclassifyf@e            cstackCOMRAM 00001C
___fpclassifyf@u            cstackCOMRAM 00001E
___fpclassifyf@x            cstackCOMRAM 000014
___inthi_sp                 stack        000000
___intlo_sp                 stack        000000
___lldiv                    text41       005C44
___lldiv@counter            cstackCOMRAM 000020
___lldiv@dividend           cstackCOMRAM 000014
___lldiv@divisor            cstackCOMRAM 000018
___lldiv@quotient           cstackCOMRAM 00001C
___lmul                     text40       005E48
___lmul@multiplicand        cstackCOMRAM 000018
___lmul@multiplier          cstackCOMRAM 000014
___lmul@product             cstackCOMRAM 00001C
___param_bank               (abs)        000000
___rparam_used              (abs)        000001
___sp                       stack        000000
___wmul                     text24       0062A2
___wmul@multiplicand        cstackCOMRAM 000016
___wmul@multiplier          cstackCOMRAM 000014
___wmul@product             cstackCOMRAM 000018
___xxtofl                   text34       004BF2
___xxtofl@arg               cstackCOMRAM 00001E
___xxtofl@exp               cstackCOMRAM 00001D
___xxtofl@sign              cstackCOMRAM 00001C
___xxtofl@val               cstackCOMRAM 000014
__accesstop                 (abs)        000060
__activetblptr              (abs)        000003
__end_of_CCP1handler        text54       0050C8
__end_of_CCP4handler        text53       00523A
__end_of_HiPriISR           intcode_body 006390
__end_of_I2C_ACK            text44       00634A
__end_of_I2C_Master_Stop    text48       006386
__end_of_I2C_Master_Wait    text49       0062EE
__end_of_I2C_Master_Write   text47       00630C
__end_of_I2C_NACK           text43       006336
__end_of_I2C_Read           text42       00610A
__end_of_I2C_Start          text46       00636E
__end_of_Initial            text45       005360
__end_of_LoPriISR           intcodelo    0000A2
__end_of_MPU6050_Read       text1        0028F8
__end_of_Servo1             text38       005C44
__end_of_Servo2             text37       005B9E
__end_of_TMR1handler        text52       00635E
__end_of_TMR3handler        text51       00638C
__end_of_UART_Write         text36       006322
__end_of_UART_Write_String  text35       00618E
__end_of___awdiv            text20       0058DC
__end_of___awmod            text19       005A4E
__end_of___fladd            text30       003D70
__end_of___fldiv            text33       0049DC
__end_of___fleq             text18       005AF8
__end_of___flge             text17       00556E
__end_of___flmul            text32       004640
__end_of___flneg            text31       006236
__end_of___flsub            text29       0060C4
__end_of___fltol            text16       005468
__end_of___fpclassifyf      text28       00566C
__end_of___lldiv            text41       005CE8
__end_of___lmul             text40       005EB2
__end_of___wmul             text24       0062C8
__end_of___xxtofl           text34       004DA6
__end_of__initialization    cinit        005DD0
__end_of_aT                 smallconst   001015
__end_of_atan2f             text25       0038AE
__end_of_atanf              text26       003148
__end_of_atanhi             smallconst   001035
__end_of_atanlo             smallconst   001025
__end_of_atoi               text21       004F4A
__end_of_efgtoa             text6        001D3A
__end_of_fabsf              text27       0062A2
__end_of_floorf             text15       004BF2
__end_of_fputc              text13       005818
__end_of_fputs              text12       00614E
__end_of_isdigit            text23       0061FE
__end_of_isspace            text22       00607C
__end_of_isupper            text8        0061C6
__end_of_main               text0        005F18
__end_of_map                text39       005D6C
__end_of_pad                text10       00599E
__end_of_pi                 smallconst   00103D
__end_of_pi_lo              smallconst   001039
__end_of_putch              text14       006392
__end_of_sprintf            text2        00602A
__end_of_strcpy             text9        005FD6
__end_of_strlen             text11       00626C
__end_of_strncmp            text5        00574E
__end_of_tolower            text7        005F78
__end_of_vfpfcnvrt          text4        004214
__end_of_vfprintf           text3        005E48
__initialization            cinit        005D6C
__mediumconst               mediumconst  000000
__pbssBANK1                 bssBANK1     0001A2
__pbssBANK2                 bssBANK2     000200
__pbssCOMRAM                bssCOMRAM    000038
__pcinit                    cinit        005D6C
__pcstackBANK0              cstackBANK0  000060
__pcstackBANK1              cstackBANK1  000100
__pcstackCOMRAM             cstackCOMRAM 000001
__pdataBANK1                dataBANK1    0001C8
__pdataCOMRAM               dataCOMRAM   000043
__pidataBANK1               idataBANK1   006376
__pidataCOMRAM              idataCOMRAM  00636E
__pintcode                  intcode      000008
__pintcode_body             intcode_body 00638C
__pintcodelo                intcodelo    000018
__pnvBANK0                  nvBANK0      0000FE
__pnvCOMRAM                 nvCOMRAM     00004B
__psmallconst               smallconst   001000
__ptext0                    text0        005EB2
__ptext1                    text1        001D3A
__ptext10                   text10       0058DC
__ptext11                   text11       006236
__ptext12                   text12       00610A
__ptext13                   text13       00574E
__ptext14                   text14       006390
__ptext15                   text15       0049DC
__ptext16                   text16       005360
__ptext17                   text17       005468
__ptext18                   text18       005A4E
__ptext19                   text19       00599E
__ptext2                    text2        005FD6
__ptext20                   text20       005818
__ptext21                   text21       004DA6
__ptext22                   text22       00602A
__ptext23                   text23       0061C6
__ptext24                   text24       0062A2
__ptext25                   text25       003148
__ptext26                   text26       0028F8
__ptext27                   text27       00626C
__ptext28                   text28       00556E
__ptext29                   text29       00607C
__ptext3                    text3        005DDA
__ptext30                   text30       0038AE
__ptext31                   text31       0061FE
__ptext32                   text32       004214
__ptext33                   text33       004640
__ptext34                   text34       004BF2
__ptext35                   text35       00614E
__ptext36                   text36       00630C
__ptext37                   text37       005AF8
__ptext38                   text38       005B9E
__ptext39                   text39       005CE8
__ptext4                    text4        003D70
__ptext40                   text40       005E48
__ptext41                   text41       005C44
__ptext42                   text42       0060C4
__ptext43                   text43       006322
__ptext44                   text44       006336
__ptext45                   text45       00523A
__ptext46                   text46       00635E
__ptext47                   text47       0062EE
__ptext48                   text48       00637E
__ptext49                   text49       0062C8
__ptext5                    text5        00566C
__ptext51                   text51       006386
__ptext52                   text52       00634A
__ptext53                   text53       0050C8
__ptext54                   text54       004F4A
__ptext6                    text6        0010DA
__ptext7                    text7        005F18
__ptext8                    text8        00618E
__ptext9                    text9        005F78
__ramtop                    ramtop       001000
__size_of_CCP1handler       (abs)        000000
__size_of_CCP4handler       (abs)        000000
__size_of_HiPriISR          (abs)        000000
__size_of_I2C_ACK           (abs)        000000
__size_of_I2C_Master_Stop   (abs)        000000
__size_of_I2C_Master_Wait   (abs)        000000
__size_of_I2C_Master_Write  (abs)        000000
__size_of_I2C_NACK          (abs)        000000
__size_of_I2C_Read          (abs)        000000
__size_of_I2C_Start         (abs)        000000
__size_of_Initial           (abs)        000000
__size_of_LoPriISR          (abs)        000000
__size_of_MPU6050_Read      (abs)        000000
__size_of_Servo1            (abs)        000000
__size_of_Servo2            (abs)        000000
__size_of_TMR1handler       (abs)        000000
__size_of_TMR3handler       (abs)        000000
__size_of_UART_Write        (abs)        000000
__size_of_UART_Write_String (abs)        000000
__size_of___awdiv           (abs)        000000
__size_of___awmod           (abs)        000000
__size_of___fladd           (abs)        000000
__size_of___fldiv           (abs)        000000
__size_of___fleq            (abs)        000000
__size_of___flge            (abs)        000000
__size_of___flmul           (abs)        000000
__size_of___flneg           (abs)        000000
__size_of___flsub           (abs)        000000
__size_of___fltol           (abs)        000000
__size_of___fpclassifyf     (abs)        000000
__size_of___lldiv           (abs)        000000
__size_of___lmul            (abs)        000000
__size_of___wmul            (abs)        000000
__size_of___xxtofl          (abs)        000000
__size_of_atan2f            (abs)        000000
__size_of_atanf             (abs)        000000
__size_of_atoi              (abs)        000000
__size_of_efgtoa            (abs)        000000
__size_of_fabsf             (abs)        000000
__size_of_floorf            (abs)        000000
__size_of_fputc             (abs)        000000
__size_of_fputs             (abs)        000000
__size_of_isdigit           (abs)        000000
__size_of_isspace           (abs)        000000
__size_of_isupper           (abs)        000000
__size_of_main              (abs)        000000
__size_of_map               (abs)        000000
__size_of_pad               (abs)        000000
__size_of_putch             (abs)        000000
__size_of_sprintf           (abs)        000000
__size_of_strcpy            (abs)        000000
__size_of_strlen            (abs)        000000
__size_of_strncmp           (abs)        000000
__size_of_tolower           (abs)        000000
__size_of_vfpfcnvrt         (abs)        000000
__size_of_vfprintf          (abs)        000000
__smallconst                smallconst   001000
_aT                         smallconst   001001
_atan2f                     text25       003148
_atan2f$2618                cstackBANK1  000100
_atan2f$2619                cstackBANK1  000104
_atan2f$2620                cstackBANK1  000108
_atanf                      text26       0028F8
_atanf$2621                 cstackBANK0  0000C2
_atanf$2622                 cstackBANK0  0000AA
_atanf$2623                 cstackBANK0  0000C6
_atanf$2624                 cstackBANK0  0000AE
_atanf$2625                 cstackBANK0  0000B2
_atanhi                     smallconst   001025
_atanlo                     smallconst   001015
_atoi                       text21       004DA6
_atoi$2295                  cstackCOMRAM 000023
_atoi$2296                  cstackCOMRAM 000027
_atoi$2297                  cstackCOMRAM 000025
_dbuf                       bssBANK2     000200
_efgtoa                     text6        0010DA
_efgtoa$2243                cstackBANK0  0000B6
_efgtoa$2244                cstackBANK0  0000B8
_efgtoa$2249                cstackBANK0  0000BA
_efgtoa$2253                cstackBANK0  0000BC
_efgtoa$2254                cstackBANK0  0000BE
_efgtoa$2255                cstackBANK0  0000C0
_fabsf                      text27       00626C
_flags                      bssCOMRAM    00003C
_floorf                     text15       0049DC
_fputc                      text13       00574E
_fputs                      text12       00610A
_isdigit                    text23       0061C6
_isspace                    text22       00602A
_isspace$2326               cstackCOMRAM 00001A
_isupper                    text8        00618E
_main                       text0        005EB2
_map                        text39       005CE8
_nout                       bssBANK1     0001BE
_pad                        text10       0058DC
_prec                       bssCOMRAM    00003A
_previousTime               bssBANK1     0001B2
_putch                      text14       006390
_sprintf                    text2        005FD6
_strcpy                     text9        005F78
_strlen                     text11       006236
_strncmp                    text5        00566C
_time0counter               bssBANK1     0001BA
_tolower                    text7        005F18
_tolower$2390               cstackCOMRAM 000020
_vfpfcnvrt                  text4        003D70
_vfpfcnvrt$2269             cstackBANK1  000100
_vfpfcnvrt$2273             cstackBANK1  000102
_vfprintf                   text3        005DDA
_width                      bssCOMRAM    000038
_yaw                        bssBANK1     0001AE
atan2f@__xc8_float_word     cstackBANK1  00010C
atan2f@ix                   cstackBANK1  000114
atan2f@iy                   cstackBANK1  000118
atan2f@m                    cstackBANK1  00011C
atan2f@x                    cstackBANK0  0000DC
atan2f@y                    cstackBANK0  0000D8
atan2f@z                    cstackBANK1  000110
atanf@__xc8_float_word      cstackBANK0  0000A6
atanf@id                    cstackBANK0  0000CE
atanf@ix                    cstackBANK0  0000D4
atanf@s1                    cstackBANK0  0000B6
atanf@s2                    cstackBANK0  0000BA
atanf@sign                  cstackBANK0  0000BE
atanf@w                     cstackBANK0  0000CA
atanf@x                     cstackBANK0  00009E
atanf@z                     cstackBANK0  0000D0
atoi@n                      cstackCOMRAM 000028
atoi@neg                    cstackCOMRAM 000021
atoi@s                      cstackCOMRAM 00001B
btemp                       temp         00004C
efgtoa@c                    cstackBANK0  0000B0
efgtoa@d                    cstackBANK0  0000CE
efgtoa@e                    cstackBANK0  0000E6
efgtoa@f                    cstackBANK0  0000AC
efgtoa@fp                   cstackBANK0  0000AA
efgtoa@g                    cstackBANK0  0000E2
efgtoa@h                    cstackBANK0  0000D8
efgtoa@i                    cstackBANK0  0000E0
efgtoa@l                    cstackBANK0  0000DC
efgtoa@m                    cstackBANK0  0000C8
efgtoa@mode                 cstackBANK0  0000D7
efgtoa@n                    cstackBANK0  0000E8
efgtoa@ne                   cstackBANK0  0000C6
efgtoa@nmode                cstackBANK0  0000D6
efgtoa@ou                   cstackBANK0  0000CA
efgtoa@p                    cstackBANK0  0000D2
efgtoa@pp                   cstackBANK0  0000C4
efgtoa@sign                 cstackBANK0  0000D0
efgtoa@t                    cstackBANK0  0000C2
efgtoa@u                    cstackBANK0  0000EA
efgtoa@w                    cstackBANK0  0000D4
end_of_initialization       cinit        005DD0
fabsf@F465                  bssBANK1     0001A6
fabsf@u                     cstackBANK0  00009A
fabsf@x                     cstackBANK0  000096
floorf@F527                 bssBANK1     0001A2
floorf@e                    cstackBANK0  0000A4
floorf@m                    cstackBANK0  0000A0
floorf@u                    cstackBANK0  0000A6
floorf@x                    cstackBANK0  000096
fputc@c                     cstackCOMRAM 000014
fputc@fp                    cstackCOMRAM 000016
fputs@c                     cstackCOMRAM 000021
fputs@fp                    cstackCOMRAM 00001F
fputs@i                     cstackCOMRAM 000022
fputs@s                     cstackCOMRAM 00001D
int$flags                   temp         00004C
int_func                    intcode_body 00638C
intlevel0                   text         000000
intlevel1                   text         000000
intlevel2                   text         000000
intlevel3                   text         000000
isa$std                     (abs)        000001
isa$xinst                   (abs)        000000
isdigit@c                   cstackCOMRAM 000014
isspace@c                   cstackCOMRAM 000014
isupper@c                   cstackCOMRAM 000014
main@i                      cstackBANK1  0001A0
map@first                   cstackCOMRAM 000031
map@newmax                  cstackCOMRAM 000029
map@newmin                  cstackCOMRAM 000027
map@second                  cstackCOMRAM 00002D
map@third                   cstackCOMRAM 000033
map@value                   cstackCOMRAM 000021
map@valuemax                cstackCOMRAM 000025
map@valuemin                cstackCOMRAM 000023
pad@buf                     cstackCOMRAM 000026
pad@fp                      cstackCOMRAM 000024
pad@i                       cstackCOMRAM 00002B
pad@p                       cstackCOMRAM 000028
pad@w                       cstackCOMRAM 00002D
sprintf@ap                  cstackBANK1  000116
sprintf@f                   cstackBANK1  000118
sprintf@fmt                 cstackBANK1  000110
sprintf@s                   cstackBANK1  00010E
stackhi                     (abs)        000F15
stacklo                     (abs)        000250
start                       init         0000A2
start_initialization        cinit        005D6C
strcpy@d                    cstackCOMRAM 00001C
strcpy@dest                 cstackCOMRAM 000014
strcpy@s                    cstackCOMRAM 00001A
strcpy@src                  cstackCOMRAM 000016
strlen@a                    cstackCOMRAM 000016
strlen@s                    cstackCOMRAM 000014
strncmp@_l                  cstackCOMRAM 000014
strncmp@_r                  cstackCOMRAM 000016
strncmp@l                   cstackCOMRAM 00001B
strncmp@n                   cstackCOMRAM 000018
strncmp@r                   cstackCOMRAM 00001D
tolower@c                   cstackCOMRAM 00001A
ttemp5                      temp         00004D
ttemp6                      temp         000050
ttemp7                      temp         000054
vfpfcnvrt@ap                cstackBANK0  0000F2
vfpfcnvrt@c                 cstackBANK1  00010B
vfpfcnvrt@ct                cstackBANK1  000108
vfpfcnvrt@f                 cstackBANK1  000104
vfpfcnvrt@fmt               cstackBANK0  0000F0
vfpfcnvrt@fp                cstackBANK0  0000EE
vfprintf@ap                 cstackBANK0  0000FC
vfprintf@cfmt               cstackBANK1  00010C
vfprintf@fmt                cstackBANK0  0000FA
vfprintf@fp                 cstackBANK0  0000F8
wtemp8                      temp         00004D


MODULE INFORMATION

Module		Function		Class		Link	Load	Size
C:\Program Files\Microchip\xc8\v2.32\pic\sources\c99\common\nf_sprintf.c
		_sprintf       		CODE           	5FD6	0000	84

C:\Program Files\Microchip\xc8\v2.32\pic\sources\c99\common\nf_sprintf.c estimated size: 84

C:\Program Files\Microchip\xc8\v2.32\pic\sources\c99\common\awdiv.c
		___awdiv       		CODE           	5818	0000	196

C:\Program Files\Microchip\xc8\v2.32\pic\sources\c99\common\awdiv.c estimated size: 196

C:\Program Files\Microchip\xc8\v2.32\pic\sources\c99\common\isdigit.c
		_isdigit       		CODE           	61C6	0000	56

C:\Program Files\Microchip\xc8\v2.32\pic\sources\c99\common\isdigit.c estimated size: 56

C:\Program Files\Microchip\xc8\v2.32\pic\sources\c99\common\sprcadd.c
		___flsub       		CODE           	607C	0000	72
		___fladd       		CODE           	38AE	0000	1218

C:\Program Files\Microchip\xc8\v2.32\pic\sources\c99\common\sprcadd.c estimated size: 1290

C:\Program Files\Microchip\xc8\v2.32\pic\sources\c99\common\doprnt.c
		_vfpfcnvrt     		CODE           	3D70	0000	1188
		_efgtoa        		CODE           	10DA	0000	3168
		_pad           		CODE           	58DC	0000	194
		_vfprintf      		CODE           	5DDA	0000	110

C:\Program Files\Microchip\xc8\v2.32\pic\sources\c99\common\doprnt.c estimated size: 4660

C:\Program Files\Microchip\xc8\v2.32\pic\sources\c99\common\flneg.c
		___flneg       		CODE           	61FE	0000	56

C:\Program Files\Microchip\xc8\v2.32\pic\sources\c99\common\flneg.c estimated size: 56

C:\Program Files\Microchip\xc8\v2.32\pic\sources\c99\common\fabsf.c
		_fabsf         		CODE           	626C	0000	54

C:\Program Files\Microchip\xc8\v2.32\pic\sources\c99\common\fabsf.c estimated size: 54

C:\Program Files\Microchip\xc8\v2.32\pic\sources\c99\common\atan2f.c
		_atan2f        		CODE           	3148	0000	1894

C:\Program Files\Microchip\xc8\v2.32\pic\sources\c99\common\atan2f.c estimated size: 1894

C:\Program Files\Microchip\xc8\v2.32\pic\sources\c99\common\atanf.c
		_atanf         		CODE           	28F8	0000	2128

C:\Program Files\Microchip\xc8\v2.32\pic\sources\c99\common\atanf.c estimated size: 2128

C:\Program Files\Microchip\xc8\v2.32\pic\sources\c99\common\atoi.c
		_atoi          		CODE           	4DA6	0000	420

C:\Program Files\Microchip\xc8\v2.32\pic\sources\c99\common\atoi.c estimated size: 420

C:\Program Files\Microchip\xc8\v2.32\pic\sources\c99\common\nf_fputs.c
		_fputs         		CODE           	610A	0000	68

C:\Program Files\Microchip\xc8\v2.32\pic\sources\c99\common\nf_fputs.c estimated size: 68

C:\Program Files\Microchip\xc8\v2.32\pic\sources\c99\common\fleq.c
		___fleq        		CODE           	5A4E	0000	170

C:\Program Files\Microchip\xc8\v2.32\pic\sources\c99\common\fleq.c estimated size: 170

C:\Program Files\Microchip\xc8\v2.32\pic\sources\c99\common\putch.c
		_putch         		CODE           	6390	0000	2

C:\Program Files\Microchip\xc8\v2.32\pic\sources\c99\common\putch.c estimated size: 2

C:\Program Files\Microchip\xc8\v2.32\pic\sources\c99\common\__fpclassifyf.c
		___fpclassifyf 		CODE           	556E	0000	254

C:\Program Files\Microchip\xc8\v2.32\pic\sources\c99\common\__fpclassifyf.c estimated size: 254

C:\Program Files\Microchip\xc8\v2.32\pic\sources\c99\common\isupper.c
		_isupper       		CODE           	618E	0000	56

C:\Program Files\Microchip\xc8\v2.32\pic\sources\c99\common\isupper.c estimated size: 56

C:\Program Files\Microchip\xc8\v2.32\pic\sources\c99\common\Umul16.c
		___wmul        		CODE           	62A2	0000	38

C:\Program Files\Microchip\xc8\v2.32\pic\sources\c99\common\Umul16.c estimated size: 38

C:\Program Files\Microchip\xc8\v2.32\pic\sources\c99\common\isspace.c
		_isspace       		CODE           	602A	0000	82

C:\Program Files\Microchip\xc8\v2.32\pic\sources\c99\common\isspace.c estimated size: 82

C:\Program Files\Microchip\xc8\v2.32\pic\sources\c99\common\strncmp.c
		_strncmp       		CODE           	566C	0000	226

C:\Program Files\Microchip\xc8\v2.32\pic\sources\c99\common\strncmp.c estimated size: 226

C:\Program Files\Microchip\xc8\v2.32\pic\sources\c99\common\tolower.c
		_tolower       		CODE           	5F18	0000	96

C:\Program Files\Microchip\xc8\v2.32\pic\sources\c99\common\tolower.c estimated size: 96

shared
		_atanhi        		SMALLCONST     	1025	0000	16
		__initialization		CODE           	5D6C	0000	100
		_pi            		SMALLCONST     	0000	0000	0
		_aT            		SMALLCONST     	1001	0000	20
		_pi_lo         		SMALLCONST     	0000	0000	0
		_atanlo        		SMALLCONST     	1015	0000	16

shared estimated size: 152

C:\Program Files\Microchip\xc8\v2.32\pic\sources\c99\common\sprcmul.c
		___flmul       		CODE           	4214	0000	1068

C:\Program Files\Microchip\xc8\v2.32\pic\sources\c99\common\sprcmul.c estimated size: 1068

C:\Program Files\Microchip\xc8\v2.32\pic\sources\c99\common\awmod.c
		___awmod       		CODE           	599E	0000	176

C:\Program Files\Microchip\xc8\v2.32\pic\sources\c99\common\awmod.c estimated size: 176

C:\Program Files\Microchip\xc8\v2.32\pic\sources\c99\common\sprcdiv.c
		___fldiv       		CODE           	4640	0000	924

C:\Program Files\Microchip\xc8\v2.32\pic\sources\c99\common\sprcdiv.c estimated size: 924

C:\Program Files\Microchip\xc8\v2.32\pic\sources\c99\common\Umul32.c
		___lmul        		CODE           	5E48	0000	106

C:\Program Files\Microchip\xc8\v2.32\pic\sources\c99\common\Umul32.c estimated size: 106

C:\Program Files\Microchip\xc8\v2.32\pic\sources\c99\common\fltol.c
		___fltol       		CODE           	5360	0000	264

C:\Program Files\Microchip\xc8\v2.32\pic\sources\c99\common\fltol.c estimated size: 264

Le_Jason_Project.c
		_UART_Write_String		CODE           	614E	0000	64
		_CCP4handler   		CODE           	50C8	0000	370
		_Servo1        		CODE           	5B9E	0000	166
		_map           		CODE           	5CE8	0000	132
		_I2C_Master_Wait		CODE           	62C8	0000	38
		_I2C_Master_Stop		CODE           	637E	0000	8
		_main          		CODE           	5EB2	0000	102
		_TMR1handler   		CODE           	634A	0000	20
		_Initial       		CODE           	523A	0000	294
		_Servo2        		CODE           	5AF8	0000	166
		_MPU6050_Read  		CODE           	1D3A	0000	3006
		_TMR3handler   		CODE           	6386	0000	6
		_I2C_Read      		CODE           	60C4	0000	70
		_HiPriISR      		CODE           	0008	0000	10
		_LoPriISR      		CODE           	0018	0000	138
		_I2C_ACK       		CODE           	6336	0000	20
		_I2C_Master_Write		CODE           	62EE	0000	30
		_UART_Write    		CODE           	630C	0000	22
		_CCP1handler   		CODE           	4F4A	0000	382
		_I2C_NACK      		CODE           	6322	0000	20
		_I2C_Start     		CODE           	635E	0000	16

Le_Jason_Project.c estimated size: 5080

C:\Program Files\Microchip\xc8\v2.32\pic\sources\c99\common\xxtofl.c
		___xxtofl      		CODE           	4BF2	0000	436

C:\Program Files\Microchip\xc8\v2.32\pic\sources\c99\common\xxtofl.c estimated size: 436

C:\Program Files\Microchip\xc8\v2.32\pic\sources\c99\common\nf_fputc.c
		_fputc         		CODE           	574E	0000	202

C:\Program Files\Microchip\xc8\v2.32\pic\sources\c99\common\nf_fputc.c estimated size: 202

C:\Program Files\Microchip\xc8\v2.32\pic\sources\c99\common\__lldiv.c
		___lldiv       		CODE           	5C44	0000	164

C:\Program Files\Microchip\xc8\v2.32\pic\sources\c99\common\__lldiv.c estimated size: 164

C:\Program Files\Microchip\xc8\v2.32\pic\sources\c99\common\strlen.c
		_strlen        		CODE           	6236	0000	54

C:\Program Files\Microchip\xc8\v2.32\pic\sources\c99\common\strlen.c estimated size: 54

C:\Program Files\Microchip\xc8\v2.32\pic\sources\c99\common\flge.c
		___flge        		CODE           	5468	0000	262

C:\Program Files\Microchip\xc8\v2.32\pic\sources\c99\common\flge.c estimated size: 262

C:\Program Files\Microchip\xc8\v2.32\pic\sources\c99\common\floorf.c
		_floorf        		CODE           	49DC	0000	534

C:\Program Files\Microchip\xc8\v2.32\pic\sources\c99\common\floorf.c estimated size: 534

C:\Program Files\Microchip\xc8\v2.32\pic\sources\c99\common\strcpy.c
		_strcpy        		CODE           	5F78	0000	94

C:\Program Files\Microchip\xc8\v2.32\pic\sources\c99\common\strcpy.c estimated size: 94

